###############################################################################
#
# IAR ELF Linker V7.70.2.11706/W32 for ARM                07/Oct/2020  09:26:01
# Copyright 2007-2016 IAR Systems AB.
#
#    Output file  =  _build/ble_app_hrs_freertos_pca10040_s132.out
#    Map file     =  _build/ble_app_hrs_freertos_pca10040_s132.map
#    Command line =  
#        --silent --redirect _Printf=_PrintfFull --redirect _Scanf=_ScanfFull
#        --entry __iar_program_start --config
#        ble_app_hrs_freertos_iar_nRF5x.icf -f
#        _build/ble_app_hrs_freertos_pca10040_s132.xcl (_build/main.o
#        _build/ADC.o _build/BLE_Advertisement.o _build/BLE_Init.o
#        _build/BLE_Services.o _build/Globals.o _build/Calibration.o
#        _build/boards.o _build/bsp.o _build/bsp_btn_ble.o _build/bsp_nfc.o
#        _build/iar_startup_nrf52.o _build/system_nrf52.o _build/ble_advdata.o
#        _build/ble_advertising.o _build/ble_conn_params.o
#        _build/ble_conn_state.o _build/ble_srv_common.o
#        _build/gatt_cache_manager.o _build/gatts_cache_manager.o
#        _build/id_manager.o _build/nrf_ble_gatt.o _build/peer_data_storage.o
#        _build/peer_database.o _build/peer_id.o _build/peer_manager.o
#        _build/pm_buffer.o _build/pm_mutex.o _build/security_dispatcher.o
#        _build/security_manager.o _build/ble_bas.o _build/ble_dis.o
#        _build/ble_hrs.o _build/nrf_drv_clock.o _build/nrf_drv_common.o
#        _build/nrf_drv_gpiote.o _build/nrf_drv_uart.o _build/nrf_drv_saadc.o
#        _build/nrf_saadc.o _build/app_button.o _build/app_error.o
#        _build/app_error_weak.o _build/app_timer_freertos.o
#        _build/app_util_platform.o _build/crc16.o _build/fds.o
#        _build/fstorage.o _build/hardfault_implementation.o
#        _build/nrf_assert.o _build/nrf_strerror.o _build/sdk_mapped_flags.o
#        _build/sensorsim.o _build/nrf_log_backend_serial.o
#        _build/nrf_log_frontend.o _build/RTT_Syscalls_IAR.o
#        _build/SEGGER_RTT.o _build/SEGGER_RTT_printf.o
#        _build/softdevice_handler.o _build/croutine.o _build/event_groups.o
#        _build/heap_1.o _build/list.o _build/port.o _build/port_cmsis.o
#        _build/port_cmsis_systick.o _build/queue.o _build/tasks.o
#        _build/timers.o) -o _build/ble_app_hrs_freertos_pca10040_s132.out
#        --map _build/ble_app_hrs_freertos_pca10040_s132.map
#        --no_wrap_diagnostics
#
###############################################################################

*******************************************************************************
*** RUNTIME MODEL ATTRIBUTES
***

CppFlavor                     = *
__Heap_Handler                = Basic
__SystemLibrary               = DLib
__dlib_dynamic_initialization = normal


*******************************************************************************
*** PLACEMENT SUMMARY
***

"A0":  place at 0x0001f000 { ro section .intvec };
"P1":  place in [from 0x0001f000 to 0x0007ffff] { ro };
"P2":  place in [from 0x20003fc0 to 0x2000ffff] { rw, block CSTACK, block HEAP };
initialize by copy { rw };
 { section .intvec };

  Section             Kind        Address    Size  Object
  -------             ----        -------    ----  ------
"A0":                                       0x200
  .intvec             ro code  0x0001f000   0x200  iar_startup_nrf52.o [1]
                             - 0x0001f200   0x200

"P1":                                      0xd5dc
  .text               ro code  0x0001f200  0x14dc  fds.o [1]
  .text               ro code  0x000206dc   0x530  fstorage.o [1]
  .text               ro code  0x00020c0c     0x6  ABImemclr.o [5]
  .text               ro code  0x00020c12    0x1a  xsnprout.o [3]
  .text               ro code  0x00020c2c    0x66  ABImemset.o [5]
  .text               ro code  0x00020c92     0x2  iar_startup_nrf52.o [1]
  .text               ro code  0x00020c94  0x118a  xprintffull.o [3]
  .text               ro code  0x00021e1e    0x20  xmbtowc.o [3]
  .text               ro code  0x00021e3e     0x2  iar_startup_nrf52.o [1]
  .text               ro code  0x00021e40    0x16  strchr.o [5]
  .text               ro code  0x00021e56     0x2  iar_startup_nrf52.o [1]
  .text               ro code  0x00021e58    0x36  strlen.o [5]
  .text               ro code  0x00021e8e     0x2  iar_startup_nrf52.o [1]
  .text               ro code  0x00021e90    0x58  memchr.o [5]
  .text               ro code  0x00021ee8     0xa  xmbcurmax.o [3]
  .text               ro code  0x00021ef2     0x2  iar_startup_nrf52.o [1]
  .text               ro code  0x00021ef4    0xb0  xxmemxmalloc.o [3]
  .text               ro code  0x00021fa4    0x1a  xwctomb.o [3]
  .text               ro code  0x00021fbe     0x2  iar_startup_nrf52.o [1]
  .text               ro code  0x00021fc0    0x76  ABImemcpy_unaligned.o [5]
  .text               ro code  0x00022036     0x2  iar_startup_nrf52.o [1]
  .text               ro code  0x00022038    0x80  xxmemxfree.o [3]
  .text               ro code  0x000220b8    0xee  I64DivMod.o [5]
  .text               ro code  0x000221a6    0x44  xdnorm.o [4]
  .text               ro code  0x000221ea     0x2  iar_startup_nrf52.o [1]
  .text               ro code  0x000221ec    0x2e  DblCmpLe.o [4]
  .text               ro code  0x0002221a     0x2  iar_startup_nrf52.o [1]
  .text               ro code  0x0002221c    0x2e  DblCmpGe.o [4]
  .text               ro code  0x0002224a     0x2  iar_startup_nrf52.o [1]
  .text               ro code  0x0002224c   0x114  xdscale.o [4]
  .text               ro code  0x00022360    0x58  DblToI32.o [4]
  .text               ro code  0x000223b8    0x30  I32ToDbl.o [4]
  .text               ro code  0x000223e8   0x180  DblSub.o [4]
  .text               ro code  0x00022568   0x1a2  DblMul.o [4]
  .text               ro code  0x0002270a     0x2  iar_startup_nrf52.o [1]
  .text               ro code  0x0002270c   0x256  DblDiv.o [4]
  .text               ro code  0x00022962     0x2  iar_startup_nrf52.o [1]
  .text               ro code  0x00022964    0x6c  localeconv.o [3]
  .text               ro code  0x000229d0     0xe  div.o [3]
  .text               ro code  0x000229de     0x2  iar_startup_nrf52.o [1]
  .text               ro code  0x000229e0    0x24  setlocale.o [3]
  .text               ro code  0x00022a04    0x60  xencoding_sb.o [3]
  .text               ro code  0x00022a64    0x2c  xgetmemchunk.o [3]
  .text               ro code  0x00022a90     0x2  I64DivZer.o [5]
  .text               ro code  0x00022a92     0x2  iar_startup_nrf52.o [1]
  .text               ro code  0x00022a94    0xd4  DblAdd.o [4]
  .text               ro code  0x00022b68     0x2  xtls.o [3]
  .text               ro code  0x00022b6a     0x2  iar_startup_nrf52.o [1]
  .text               ro code  0x00022b6c   0xc00  peer_database.o [1]
  .text               ro code  0x0002376c   0x120  pm_buffer.o [1]
  .text               ro code  0x0002388c   0x60c  peer_manager.o [1]
  .text               ro code  0x00023e98   0x6c4  id_manager.o [1]
  .text               ro code  0x0002455c   0x4ac  security_manager.o [1]
  .text               ro code  0x00024a08   0x898  security_dispatcher.o [1]
  .text               ro code  0x000252a0   0x220  gatts_cache_manager.o [1]
  .text               ro code  0x000254c0   0x44e  peer_data_storage.o [1]
  .text               ro code  0x0002590e   0x106  pm_mutex.o [1]
  .text               ro code  0x00025a14   0x1bc  ble_conn_state.o [1]
  .text               ro code  0x00025bd0   0x3d0  gatt_cache_manager.o [1]
  .text               ro code  0x00025fa0    0x62  memcmp_unaligned.o [5]
  .text               ro code  0x00026002     0x2  iar_startup_nrf52.o [1]
  .text               ro code  0x00026004     0x6  ABImemclr4.o [5]
  .text               ro code  0x0002600a     0x2  iar_startup_nrf52.o [1]
  .text               ro code  0x0002600c   0x158  peer_id.o [1]
  .text               ro code  0x00026164    0x6c  app_util_platform.o [1]
  .text               ro code  0x000261d0   0x1b4  sdk_mapped_flags.o [1]
  .text               ro code  0x00026384    0x20  app_error.o [1]
  .text               ro code  0x000263a4    0x3a  ABImemset48.o [5]
  .text               ro code  0x000263de     0x2  iar_startup_nrf52.o [1]
  .text               ro code  0x000263e0    0x48  app_error_weak.o [1]
  .text               ro code  0x00026428   0x384  nrf_log_frontend.o [1]
  .text               ro code  0x000267ac   0x338  nrf_log_backend_serial.o [1]
  .text               ro code  0x00026ae4   0x1a0  SEGGER_RTT.o [1]
  .text               ro code  0x00026c84   0x6cc  nrf_drv_uart.o [1]
  .text               ro code  0x00027350    0x44  snprintf.o [3]
  .text               ro code  0x00027394    0x28  isxxx.o [3]
  .text               ro code  0x000273bc    0x44  nrf_drv_common.o [1]
  .text               ro code  0x00027400    0x16  xlocale_c.o [3]
  .text               ro code  0x00027416    0x24  xlocale_c.o [3]
  .text               ro code  0x0002743a     0x2  iar_startup_nrf52.o [1]
  .text               ro code  0x0002743c   0xaec  tasks.o [1]
  .text               ro code  0x00027f28    0x54  heap_1.o [1]
  .text               ro code  0x00027f7c    0xb6  list.o [1]
  .text               ro code  0x00028032     0x2  iar_startup_nrf52.o [1]
  .text               ro code  0x00028034    0xa0  port_cmsis.o [1]
  .text               ro code  0x000280d4   0x438  timers.o [1]
  .text               ro code  0x0002850c   0x310  main.o [1]
  .text               ro code  0x0002881c   0x1d4  port_cmsis_systick.o [1]
  .text               ro code  0x000289f0    0xaa  port.o [1]
  .text               ro code  0x00028a9a     0x2  iar_startup_nrf52.o [1]
  .text               ro code  0x00028a9c   0x8b4  queue.o [1]
  .text               ro code  0x00029350   0x118  BLE_Advertisement.o [1]
  .text               ro code  0x00029468   0x354  BLE_Init.o [1]
  .text               ro code  0x000297bc   0x390  BLE_Services.o [1]
  .text               ro code  0x00029b4c   0x1d4  softdevice_handler.o [1]
  .text               ro code  0x00029d20    0xfc  ADC.o [1]
  .text               ro code  0x00029e1c    0xdc  boards.o [1]
  .text               ro code  0x00029ef8   0x198  nrf_drv_clock.o [1]
  .text               ro code  0x0002a090   0x18c  app_timer_freertos.o [1]
  .text               ro code  0x0002a21c   0x8b8  ble_advertising.o [1]
  .text               ro code  0x0002aad4   0x140  nrf_strerror.o [1]
  .text               ro code  0x0002ac14   0x2ae  bsp.o [1]
  .text               ro code  0x0002aec2    0x2c  Globals.o [1]
  .text               ro code  0x0002aeee     0x2  iar_startup_nrf52.o [1]
  .text               ro code  0x0002aef0   0x1ac  ble_conn_params.o [1]
  .text               ro code  0x0002b09c   0x410  nrf_ble_gatt.o [1]
  .text               ro code  0x0002b4ac    0xe0  bsp_btn_ble.o [1]
  .text               ro code  0x0002b58c   0x378  nrf_drv_saadc.o [1]
  .text               ro code  0x0002b904    0x30  Calibration.o [1]
  .text               ro code  0x0002b934   0x548  ble_advdata.o [1]
  .text               ro code  0x0002be7c     0x8  ble_srv_common.o [1]
  .text               ro code  0x0002be84    0x58  nrf_saadc.o [1]
  .rodata             const    0x0002bedc   0x308  nrf_strerror.o [1]
  .text               ro code  0x0002c1e4   0x27c  system_nrf52.o [1]
  .text               ro code  0x0002c460   0x1ac  nrf_drv_gpiote.o [1]
  .text               ro code  0x0002c60c    0x40  zero_init3.o [5]
  .text               ro code  0x0002c64c    0x38  packbits_init_single.o [5]
  .text               ro code  0x0002c684    0x28  data_init.o [5]
  .text               ro code  0x0002c6ac    0x22  fpinit_M.o [4]
  .iar.init_table     const    0x0002c6d0    0x30  - Linker created -
  .text               ro code  0x0002c700     0x2  iar_startup_nrf52.o [1]
  .text               ro code  0x0002c704    0x1a  cmain.o [5]
  .text               ro code  0x0002c71e     0x4  low_level_init.o [3]
  .text               ro code  0x0002c722     0x4  exit.o [3]
  .text               ro code  0x0002c726     0x2  iar_startup_nrf52.o [1]
  .text               ro code  0x0002c728     0xa  cexit.o [5]
  .text               ro code  0x0002c732     0x2  iar_startup_nrf52.o [1]
  .text               ro code  0x0002c734     0xc  XXexit.o [5]
  .rodata             const    0x0002c740    0x10  app_error_weak.o [1]
  .text               ro code  0x0002c750    0x10  iar_startup_nrf52.o [1]
  .text               ro code  0x0002c760     0xc  cstartup_M.o [5]
  .rodata             const    0x0002c76c     0x8  gatts_cache_manager.o [1]
  .text               ro code  0x0002c774     0x2  iar_startup_nrf52.o [1]
  .text               ro code  0x0002c776     0x2  iar_startup_nrf52.o [1]
  .text               ro code  0x0002c778     0x2  iar_startup_nrf52.o [1]
  .text               ro code  0x0002c77a     0x2  iar_startup_nrf52.o [1]
  .text               ro code  0x0002c77c     0x2  iar_startup_nrf52.o [1]
  .text               ro code  0x0002c77e     0x2  iar_startup_nrf52.o [1]
  .text               ro code  0x0002c780     0x2  iar_startup_nrf52.o [1]
  .text               ro code  0x0002c782     0x2  iar_startup_nrf52.o [1]
  .text               ro code  0x0002c784     0x2  iar_startup_nrf52.o [1]
  .text               ro code  0x0002c786     0x2  iar_startup_nrf52.o [1]
  .text               ro code  0x0002c788     0x2  iar_startup_nrf52.o [1]
  .text               ro code  0x0002c78a     0x2  iar_startup_nrf52.o [1]
  .text               ro code  0x0002c78c     0x2  iar_startup_nrf52.o [1]
  .rodata             const    0x0002c78e     0x0  zero_init3.o [5]
  .rodata             const    0x0002c78e     0x0  packbits_init_single.o [5]
  Initializer bytes   const    0x0002c78e    0x43  <for P2-1>
  Initializer bytes   const    0x0002c7d1     0xb  <for fs_data-1>
                             - 0x0002c7dc  0xd5dc

"P2", part 1 of 3:                          0x4ec
  P2-1                         0x20003fc0   0x4db  <Init block>
    .data             inited   0x20003fc0    0x1c  BLE_Advertisement.o [1]
    .data             inited   0x20003fdc     0x4  system_nrf52.o [1]
    .data             inited   0x20003fe0    0x14  security_manager.o [1]
    .data             inited   0x20003ff4   0x10c  nrf_log_backend_serial.o [1]
    .data             inited   0x20004100   0x29c  SEGGER_RTT.o [1]
    __DLIB_PERTHREAD  inited   0x2000439c    0x74  setlocale.o [3]
    __DLIB_PERTHREAD  inited   0x20004410    0x88  localeconv.o [3]
    .data             inited   0x20004498     0x3  security_dispatcher.o [1]
  fs_data                      0x2000449c    0x10  <Block>
    fs_data-1                  0x2000449c    0x10  <Init block>
      fs_data         inited   0x2000449c    0x10  fds.o [1]
                             - 0x200044ac   0x4ec

"P2", part 2 of 3:                          0xa00
  CSTACK                       0x200044b0   0x800  <Block>
    CSTACK            uninit   0x200044b0   0x800  <Block tail>
  HEAP                         0x20004cb0   0x200  <Block>
    HEAP              uninit   0x20004cb0   0x200  <Block tail>
                             - 0x20004eb0   0xa00

"P2", part 3 of 3:                         0x2080
  .bss                zero     0x20004eb0  0x1008  heap_1.o [1]
  .bss                zero     0x20005eb8   0x418  nrf_log_frontend.o [1]
  .bss                zero     0x200062d0   0x335  peer_database.o [1]
  .bss                zero     0x20006605     0x2  peer_data_storage.o [1]
  .bss                zero     0x20006608   0x134  fds.o [1]
  .bss                zero     0x2000673c    0xf1  id_manager.o [1]
  .bss                zero     0x2000682e     0x2  gatts_cache_manager.o [1]
  .bss                zero     0x20006830    0xf0  tasks.o [1]
  .bss                zero     0x20006920    0xe4  BLE_Init.o [1]
  .bss                zero     0x20006a04    0xb8  ble_conn_state.o [1]
  .bss                zero     0x20006abc    0x98  ble_advertising.o [1]
  .bss                zero     0x20006b54    0x7c  bsp.o [1]
  .bss                zero     0x20006bd0    0x6a  fstorage.o [1]
  .bss                zero     0x20006c3a     0x2  gatts_cache_manager.o [1]
  .bss                zero     0x20006c3c    0x58  nrf_drv_gpiote.o [1]
  .bss                zero     0x20006c94    0x40  ble_conn_params.o [1]
  .bss                zero     0x20006cd4    0x40  peer_id.o [1]
  .bss                zero     0x20006d14    0x40  security_dispatcher.o [1]
  .bss                zero     0x20006d54    0x3c  ble_advertising.o [1]
  .bss                zero     0x20006d90    0x3c  timers.o [1]
  .bss                zero     0x20006dcc    0x30  nrf_drv_saadc.o [1]
  .bss                zero     0x20006dfc    0x20  main.o [1]
  .bss                zero     0x20006e1c    0x20  nrf_drv_uart.o [1]
  .bss                zero     0x20006e3c    0x1c  BLE_Init.o [1]
  .bss                zero     0x20006e58    0x1c  peer_manager.o [1]
  .bss                zero     0x20006e74    0x14  BLE_Init.o [1]
  .bss                zero     0x20006e88    0x14  nrf_drv_clock.o [1]
  .bss                zero     0x20006e9c    0x14  softdevice_handler.o [1]
  .bss                zero     0x20006eb0    0x10  main.o [1]
  .bss                zero     0x20006ec0    0x10  queue.o [1]
  .bss                zero     0x20006ed0     0xc  ADC.o [1]
  .bss                zero     0x20006edc     0xc  app_util_platform.o [1]
  .bss                zero     0x20006ee8     0x8  ADC.o [1]
  .bss                zero     0x20006ef0     0x8  bsp_btn_ble.o [1]
  .bss                zero     0x20006ef8     0x8  ble_conn_params.o [1]
  .bss                zero     0x20006f00     0x8  ble_conn_params.o [1]
  .bss                zero     0x20006f08     0x8  peer_data_storage.o [1]
  .bss                zero     0x20006f10     0x8  xxmemxmalloc.o [3]
  .bss                zero     0x20006f18     0x4  main.o [1]
  .bss                zero     0x20006f1c     0x4  BLE_Init.o [1]
  .bss                zero     0x20006f20     0x4  gatt_cache_manager.o [1]
  .bss                zero     0x20006f24     0x4  port_cmsis.o [1]
  .bss                zero     0x20006f28     0x4  port_cmsis_systick.o [1]
  .bss                zero     0x20006f2c     0x4  xgetmemchunk.o [3]
                             - 0x20006f30  0x2080


*******************************************************************************
*** INIT TABLE
***

          Address     Size
          -------     ----
Zero (__iar_zero_init3)
    1 destination range, total size 0x2080:
          0x20004eb0  0x2080

Copy/packbits (__iar_packbits_init_single3)
    1 source range, total size 0x43 (5% of destination):
          0x0002c78e    0x43
    1 destination range, total size 0x4db:
          0x20003fc0   0x4db

Copy/packbits (__iar_packbits_init_single3)
    1 source range, total size 0xb (68% of destination):
          0x0002c7d1     0xb
    1 destination range, total size 0x10:
          0x2000449c    0x10



*******************************************************************************
*** MODULE SUMMARY
***

    Module                    ro code  ro data  rw data
    ------                    -------  -------  -------
C:\Ameya\Projects\BLE_nRF52_Project\Ameya_Personal_Project\nRF5_SDK_13.0.0_04a0bfd\examples\ble_peripheral\ble_app_hrs_freertos\pca10040\s132\iar\_build: [1]
    ADC.o                         252                20
    BLE_Advertisement.o           280        1       28
    BLE_Init.o                    852               280
    BLE_Services.o                912
    Calibration.o                  48
    Globals.o                      44
    SEGGER_RTT.o                  416       36      668
    app_error.o                    32
    app_error_weak.o               72       16
    app_timer_freertos.o          396
    app_util_platform.o           108                12
    ble_advdata.o               1 352
    ble_advertising.o           2 232               212
    ble_conn_params.o             428                80
    ble_conn_state.o              444               184
    ble_srv_common.o                8
    boards.o                      220
    bsp.o                         686               124
    bsp_btn_ble.o                 224                 8
    fds.o                       5 340       11      324
    fstorage.o                  1 328               106
    gatt_cache_manager.o          976                 4
    gatts_cache_manager.o         544        8        4
    heap_1.o                       84             4 104
    iar_startup_nrf52.o           604
    id_manager.o                1 732               241
    list.o                        182
    main.o                        784                52
    nrf_ble_gatt.o              1 040
    nrf_drv_clock.o               408                20
    nrf_drv_common.o               68
    nrf_drv_gpiote.o              428                88
    nrf_drv_saadc.o               888                48
    nrf_drv_uart.o              1 740                32
    nrf_log_backend_serial.o      824       15      268
    nrf_log_frontend.o            900             1 048
    nrf_saadc.o                    88
    nrf_strerror.o                320      776
    peer_data_storage.o         1 102                10
    peer_database.o             3 072               821
    peer_id.o                     344                64
    peer_manager.o              1 548                28
    pm_buffer.o                   288
    pm_mutex.o                    262
    port.o                        170
    port_cmsis.o                  160                 4
    port_cmsis_systick.o          468                 4
    queue.o                     2 228                16
    sdk_mapped_flags.o            436
    security_dispatcher.o       2 200        1       67
    security_manager.o          1 196        1       20
    softdevice_handler.o          468                20
    system_nrf52.o                636                 4
    tasks.o                     2 796               240
    timers.o                    1 080                60
    ---------------------------------------------------
    Total:                     45 738      865    9 313

command line: [2]
    ---------------------------------------------------
    Total:

dl7M_tlf.a: [3]
    div.o                          14
    exit.o                          4
    isxxx.o                        40
    localeconv.o                  108        7      136
    low_level_init.o                4
    setlocale.o                    36        6      116
    snprintf.o                     68
    xencoding_sb.o                 96
    xgetmemchunk.o                 44                 4
    xlocale_c.o                    58
    xmbcurmax.o                    10
    xmbtowc.o                      32
    xprintffull.o               4 490
    xsnprout.o                     26
    xtls.o                          2
    xwctomb.o                      26
    xxmemxfree.o                  128
    xxmemxmalloc.o                176                 8
    ---------------------------------------------------
    Total:                      5 362       13      264

m7M_tls.a: [4]
    DblAdd.o                      212
    DblCmpGe.o                     46
    DblCmpLe.o                     46
    DblDiv.o                      598
    DblMul.o                      418
    DblSub.o                      384
    DblToI32.o                     88
    I32ToDbl.o                     48
    fpinit_M.o                     34
    xdnorm.o                       68
    xdscale.o                     276
    ---------------------------------------------------
    Total:                      2 218

rt7M_tl.a: [5]
    ABImemclr.o                     6
    ABImemclr4.o                    6
    ABImemcpy_unaligned.o         118
    ABImemset.o                   102
    ABImemset48.o                  58
    I64DivMod.o                   238
    I64DivZer.o                     2
    XXexit.o                       12
    cexit.o                        10
    cmain.o                        26
    cstartup_M.o                   12
    data_init.o                    40
    memchr.o                       88
    memcmp_unaligned.o             98
    packbits_init_single.o         56
    strchr.o                       22
    strlen.o                       54
    zero_init3.o                   64
    ---------------------------------------------------
    Total:                      1 012

    Gaps                            2        2        2
    Linker created                          48    2 560
-------------------------------------------------------
    Grand Total:               54 332      928   12 139


*******************************************************************************
*** ENTRY LIST
***

Entry                      Address    Size  Type      Object
-----                      -------    ----  ----      ------
.iar.init_table$$Base   0x0002c6d0           --   Gb  - Linker created -
.iar.init_table$$Limit  0x0002c700           --   Gb  - Linker created -
?main                   0x0002c705          Code  Gb  cmain.o [5]
CSTACK$$Base            0x200044b0           --   Gb  - Linker created -
CSTACK$$Limit           0x20004cb0           --   Gb  - Linker created -
Calibrate_Humidity      0x0002b919    0x14  Code  Gb  Calibration.o [1]
Calibrate_Temperature   0x0002b905    0x14  Code  Gb  Calibration.o [1]
GPIOTE_IRQHandler       0x0002c461   0x19a  Code  Gb  nrf_drv_gpiote.o [1]
HEAP$$Base              0x20004cb0           --   Gb  - Linker created -
HEAP$$Limit             0x20004eb0           --   Gb  - Linker created -
LoadInt                 0x000212fb    0x6e  Code  Lc  xprintffull.o [3]
POWER_CLOCK_IRQHandler  0x00029fcb    0x5e  Code  Gb  nrf_drv_clock.o [1]
PendSV_Handler          0x00028a3d    0x5e  Code  Gb  port.o [1]
RTC1_IRQHandler         0x0002881d    0x6a  Code  Gb  port_cmsis_systick.o [1]
Region$$Table$$Base     0x0002c6d0           --   Gb  - Linker created -
Region$$Table$$Limit    0x0002c700           --   Gb  - Linker created -
SAADC_IRQHandler        0x0002b58d   0x17a  Code  Gb  nrf_drv_saadc.o [1]
SEGGER_RTT_Init         0x00026c0f    0x58  Code  Gb  SEGGER_RTT.o [1]
SEGGER_RTT_WriteNoLock  0x00026ae5   0x12a  Code  Gb  SEGGER_RTT.o [1]
SVC_Handler             0x00028a19    0x22  Code  Gb  port.o [1]
SWI2_EGU2_IRQHandler    0x00029c69    0x26  Code  Gb  softdevice_handler.o [1]
SystemCoreClock         0x20003fdc     0x4  Data  Gb  system_nrf52.o [1]
SystemInit              0x0002c1e5   0x246  Code  Gb  system_nrf52.o [1]
UARTE0_UART0_IRQHandler
                        0x0002731f    0x10  Code  Gb  nrf_drv_uart.o [1]
_ActiveTerminal         0x20004178     0x1  Data  Lc  SEGGER_RTT.o [1]
_EncodingSb_Mbtowc      0x00022a1f    0x30  Code  Gb  xencoding_sb.o [3]
_EncodingSb_Mbtowc::initial
                        0x00022a5c     0x8  Data  Lc  xencoding_sb.o [3]
_EncodingSb_Wctomb      0x00022a05    0x1a  Code  Gb  xencoding_sb.o [3]
_EncodingSb_Wctomb::initial
                        0x00022a54     0x8  Data  Lc  xencoding_sb.o [3]
_GenldFull              0x00021b81   0x254  Code  Lc  xprintffull.o [3]
_IsdstStr               0x200043a0     0x4  Data  Gb  setlocale.o [3]
_LdtobFull              0x00021781   0x3fa  Code  Lc  xprintffull.o [3]
_LitobFull              0x00021675   0x10a  Code  Lc  xprintffull.o [3]
_LocaleC_isalpha        0x00027401    0x16  Code  Gb  xlocale_c.o [3]
_LocaleC_ispunct        0x00027417    0x24  Code  Gb  xlocale_c.o [3]
_LocaleEncoding         0x000229f3     0xe  Code  Gb  setlocale.o [3]
_LocaleForCat           0x000229e1    0x12  Code  Gb  setlocale.o [3]
_LocaleReturnString     0x200043c0    0x50  Data  Lc  setlocale.o [3]
_Locale_Profile         0x200043a4    0x1c  Data  Gb  setlocale.o [3]
_Locale_aeabi_lconv     0x20004460    0x38  Data  Gb  localeconv.o [3]
_Locale_lconv           0x20004410    0x50  Data  Gb  localeconv.o [3]
_Mbtowc                 0x00021e1f    0x20  Code  Gb  xmbtowc.o [3]
_PrintfFull             0x00020c95   0x650  Code  Gb  xprintffull.o [3]
_PutcharsFull           0x00021dd5    0x2e  Code  Lc  xprintffull.o [3]
_PutstrFull             0x00021369   0x306  Code  Lc  xprintffull.o [3]
_SEGGER_RTT             0x20004100    0x78  Data  Gb  SEGGER_RTT.o [1]
_SNProut                0x00020c13    0x1a  Code  Gb  xsnprout.o [3]
_TzoneStr               0x2000439c     0x4  Data  Gb  setlocale.o [3]
_Wctomb                 0x00021fa5    0x1a  Code  Gb  xwctomb.o [3]
__ICFEDIT_region_RAM_end__ {Abs}
                        0x2000ffff          Data  Gb  command line/config [2]
__ICFEDIT_region_RAM_start__ {Abs}
                        0x20003fc0          Data  Gb  command line/config [2]
__Vectors               0x0001f000           --   Gb  iar_startup_nrf52.o [1]
__Vectors_End           0x0001f200          Data  Gb  iar_startup_nrf52.o [1]
__Vectors_Size {Abs}    0x00000200           --   Gb  iar_startup_nrf52.o [1]
__aeabi_cdcmple         0x000221ed          Code  Gb  DblCmpLe.o [4]
__aeabi_cdrcmple        0x0002221d          Code  Gb  DblCmpGe.o [4]
__aeabi_d2iz            0x00022361          Code  Gb  DblToI32.o [4]
__aeabi_d2uiz           0x0002238d          Code  Gb  DblToI32.o [4]
__aeabi_ddiv            0x0002270d          Code  Gb  DblDiv.o [4]
__aeabi_dmul            0x00022569          Code  Gb  DblMul.o [4]
__aeabi_dsub            0x000223e9          Code  Gb  DblSub.o [4]
__aeabi_i2d             0x000223b9          Code  Gb  I32ToDbl.o [4]
__aeabi_ldiv0           0x00022a91          Code  Gb  I64DivZer.o [5]
__aeabi_memclr          0x00020c0d          Code  Gb  ABImemclr.o [5]
__aeabi_memclr4         0x00026005          Code  Gb  ABImemclr4.o [5]
__aeabi_memset          0x00020c2d          Code  Gb  ABImemset.o [5]
__aeabi_memset4         0x000263a5          Code  Gb  ABImemset48.o [5]
__aeabi_memset8         0x000263a5          Code  Gb  ABImemset48.o [5]
__aeabi_ui2d            0x000223cd          Code  Gb  I32ToDbl.o [4]
__aeabi_uldivmod        0x000220b9          Code  Gb  I64DivMod.o [5]
__cmain                 0x0002c705          Code  Gb  cmain.o [5]
__data_Aldata           0x20006f10     0x8  Data  Gb  xxmemxmalloc.o [3]
__data_GetMemChunk      0x00022a65    0x2c  Code  Gb  xgetmemchunk.o [3]
__data_GetMemChunk::start
                        0x20006f2c     0x4  Data  Lc  xgetmemchunk.o [3]
__exit                  0x0002c735          Code  Gb  XXexit.o [5]
__iar_Dnorm             0x000221a7    0x44  Code  Gb  xdnorm.o [4]
__iar_Dscale            0x0002224d   0x114  Code  Gb  xdscale.o [4]
__iar_Locale_lconv_init
                        0x00022965    0x3a  Code  Gb  localeconv.o [3]
__iar_Mbcurmax          0x00021ee9     0xa  Code  Gb  xmbcurmax.o [3]
__iar_Memchr            0x00021e91          Code  Gb  memchr.o [5]
__iar_Memset            0x00020c2d          Code  Gb  ABImemset.o [5]
__iar_Memset4_word      0x000263ad          Code  Gb  ABImemset48.o [5]
__iar_Memset8_word      0x000263ad          Code  Gb  ABImemset48.o [5]
__iar_Memset_word       0x00020c35          Code  Gb  ABImemset.o [5]
__iar_Strchr            0x00021e41          Code  Gb  strchr.o [5]
__iar_d2uiz             0x00022399          Code  Gb  DblToI32.o [4]
__iar_dadd              0x00022a95          Code  Gb  DblAdd.o [4]
__iar_data_init3        0x0002c685    0x28  Code  Gb  data_init.o [5]
__iar_dlib_perthread_access
                        0x00022b69     0x2  Code  Gb  xtls.o [3]
__iar_dsub              0x000223fd          Code  Gb  DblSub.o [4]
__iar_dsubStart         0x0002240f          Code  Gb  DblSub.o [4]
__iar_init_vfp          0x0002c6ad          Code  Gb  fpinit_M.o [4]
__iar_packbits_init_single3
                        0x0002c64d    0x38  Code  Gb  packbits_init_single.o [5]
__iar_program_start     0x0002c761          Code  Gb  cstartup_M.o [5]
__iar_ui2d              0x000223d1          Code  Gb  I32ToDbl.o [4]
__iar_unaligned___aeabi_memcpy
                        0x00021fc1          Code  Gb  ABImemcpy_unaligned.o [5]
__iar_unaligned___aeabi_memcpy4
                        0x00021fe1          Code  Gb  ABImemcpy_unaligned.o [5]
__iar_unaligned___aeabi_memcpy8
                        0x00021fe1          Code  Gb  ABImemcpy_unaligned.o [5]
__iar_unaligned_memcmp  0x00025fa1          Code  Gb  memcmp_unaligned.o [5]
__iar_zero_init3        0x0002c60d    0x40  Code  Gb  zero_init3.o [5]
__low_level_init        0x0002c71f     0x4  Code  Gb  low_level_init.o [3]
__vector_table          0x0001f000          Data  Gb  iar_startup_nrf52.o [1]
_aTerminalId            0x2000417c    0x10  Data  Lc  SEGGER_RTT.o [1]
_acDownBuffer           0x2000438c    0x10  Data  Lc  SEGGER_RTT.o [1]
_acUpBuffer             0x2000418c   0x200  Data  Lc  SEGGER_RTT.o [1]
_call_main              0x0002c711          Code  Gb  cmain.o [5]
_exit                   0x0002c729          Code  Gb  cexit.o [5]
_main                   0x0002c71b          Code  Gb  cmain.o [5]
adc_sampling_thread     0x00028665    0x52  Code  Lc  main.o [1]
adv_data_encode         0x0002bb9f   0x27a  Code  Gb  ble_advdata.o [1]
advertising_buttons_configure
                        0x0002b4ad    0x3e  Code  Lc  bsp_btn_ble.o [1]
advertising_init        0x00029351    0xc6  Code  Gb  BLE_Advertisement.o [1]
advertising_start       0x00029447    0x22  Code  Gb  BLE_Advertisement.o [1]
ah                      0x000244fd    0x60  Code  Gb  id_manager.o [1]
air_quality_characteristic_add
                        0x00029a33    0xce  Code  Lc  BLE_Services.o [1]
app_error_fault_handler
                        0x000263e1    0x48  Code  Wk  app_error_weak.o [1]
app_error_handler_bare  0x00026385    0x20  Code  Gb  app_error.o [1]
app_timer_callback      0x0002a091    0x1e  Code  Lc  app_timer_freertos.o [1]
app_timer_create        0x0002a0b3    0x54  Code  Gb  app_timer_freertos.o [1]
app_timer_init          0x0002a0af     0x4  Code  Gb  app_timer_freertos.o [1]
app_timer_start         0x0002a107    0xa8  Code  Gb  app_timer_freertos.o [1]
app_timer_stop          0x0002a1af    0x60  Code  Gb  app_timer_freertos.o [1]
app_util_critical_region_enter
                        0x00026165    0x38  Code  Gb  app_util_platform.o [1]
app_util_critical_region_exit
                        0x0002619d    0x22  Code  Gb  app_util_platform.o [1]
apply_config            0x00026c85    0xce  Code  Lc  nrf_drv_uart.o [1]
auth_status_success_process
                        0x00024b7d    0xb6  Code  Lc  security_dispatcher.o [1]
ble_advdata_set         0x0002be19    0x64  Code  Gb  ble_advdata.o [1]
ble_advertising_conn_cfg_tag_set
                        0x0002a21d     0xa  Code  Gb  ble_advertising.o [1]
ble_advertising_init    0x0002a229   0x1aa  Code  Gb  ble_advertising.o [1]
ble_advertising_on_ble_evt
                        0x0002a601   0x286  Code  Gb  ble_advertising.o [1]
ble_advertising_on_sys_evt
                        0x0002a889   0x242  Code  Gb  ble_advertising.o [1]
ble_advertising_start   0x0002a3d5   0x22a  Code  Gb  ble_advertising.o [1]
ble_conn_params_init    0x0002af4b    0x56  Code  Gb  ble_conn_params.o [1]
ble_conn_params_on_ble_evt
                        0x0002b007    0x82  Code  Gb  ble_conn_params.o [1]
ble_conn_state_conn_handles
                        0x00025b3d     0xa  Code  Gb  ble_conn_state.o [1]
ble_conn_state_encrypted
                        0x00025b25     0xc  Code  Gb  ble_conn_state.o [1]
ble_conn_state_mitm_protected
                        0x00025b31     0xc  Code  Gb  ble_conn_state.o [1]
ble_conn_state_on_ble_evt
                        0x00025a15    0xe6  Code  Gb  ble_conn_state.o [1]
ble_conn_state_role     0x00025afb    0x2a  Code  Gb  ble_conn_state.o [1]
ble_conn_state_user_flag_acquire
                        0x00025b49    0x26  Code  Gb  ble_conn_state.o [1]
ble_conn_state_user_flag_collection
                        0x00025bb5    0x16  Code  Gb  ble_conn_state.o [1]
ble_conn_state_user_flag_get
                        0x00025b6f    0x1c  Code  Gb  ble_conn_state.o [1]
ble_conn_state_user_flag_set
                        0x00025b8b    0x2a  Code  Gb  ble_conn_state.o [1]
ble_evt_dispatch        0x000295a5    0x32  Code  Lc  BLE_Init.o [1]
ble_init_err_code       0x20006920     0x4  Data  Gb  BLE_Init.o [1]
ble_new_event_handler   0x00029469    0x2e  Code  Lc  BLE_Init.o [1]
ble_srv_is_notification_enabled
                        0x0002be7d     0x8  Code  Gb  ble_srv_common.o [1]
ble_stack_init          0x00029497   0x10c  Code  Gb  BLE_Init.o [1]
ble_stack_init{2}{3}::BLE_EVT_BUFFER
                        0x2000692c    0xd8  Data  Lc  BLE_Init.o [1]
ble_stack_thread        0x00028571    0xaa  Code  Lc  main.o [1]
bsp_board_button_idx_to_pin
                        0x00029ee9     0x8  Code  Gb  boards.o [1]
bsp_board_led_invert    0x00029e91    0x1c  Code  Gb  boards.o [1]
bsp_board_led_off       0x00029e47    0x12  Code  Gb  boards.o [1]
bsp_board_led_on        0x00029e35    0x12  Code  Gb  boards.o [1]
bsp_board_led_state_get
                        0x00029e1d    0x18  Code  Gb  boards.o [1]
bsp_board_leds_init     0x00029ead    0x2e  Code  Gb  boards.o [1]
bsp_board_leds_off      0x00029e59    0x1c  Code  Gb  boards.o [1]
bsp_board_leds_on       0x00029e75    0x1c  Code  Gb  boards.o [1]
bsp_btn_ble_on_ble_evt  0x0002b50f    0x78  Code  Gb  bsp_btn_ble.o [1]
bsp_btn_ble_sleep_mode_prepare
                        0x0002b4eb    0x24  Code  Gb  bsp_btn_ble.o [1]
bsp_button_event_handler::current_long_push_pin_no
                        0x20006b63     0x1  Data  Lc  bsp.o [1]
bsp_button_event_handler::release_event_at_push
                        0x20006b6c     0x4  Data  Lc  bsp.o [1]
bsp_event_to_button_action_assign
                        0x0002ae41    0x4a  Code  Gb  bsp.o [1]
bsp_indication_set      0x0002ae2d    0x14  Code  Gb  bsp.o [1]
bsp_led_indication      0x0002ac15   0x218  Code  Lc  bsp.o [1]
bsp_wakeup_button_enable
                        0x0002ae95    0x2e  Code  Gb  bsp.o [1]
characteristic_update   0x000297ff    0x94  Code  Gb  BLE_Services.o [1]
conn_int_encode         0x0002ba8d    0x84  Code  Lc  ble_advdata.o [1]
conn_params_error_handler
                        0x000297a9     0x4  Code  Lc  BLE_Init.o [1]
conn_params_init        0x00029745    0x4a  Code  Gb  BLE_Init.o [1]
conn_params_negotiation
                        0x0002afa1    0x66  Code  Lc  ble_conn_params.o [1]
display_thread          0x0002861b    0x4a  Code  Lc  main.o [1]
div                     0x000229d1     0xe  Code  Gb  div.o [3]
eTaskConfirmSleepModeStatus
                        0x00027cd9    0x28  Code  Gb  tasks.o [1]
err_ble_advt_code       0x20003fcc     0x4  Data  Gb  BLE_Advertisement.o [1]
err_msg                 0x20006928     0x4  Data  Gb  BLE_Init.o [1]
err_msg_advt            0x20003fd0     0x4  Data  Gb  BLE_Advertisement.o [1]
exit                    0x0002c723     0x4  Code  Gb  exit.o [3]
fds_evt_handler         0x0002856f     0x2  Code  Lc  main.o [1]
fds_evt_handler         0x0002553d   0x120  Code  Lc  peer_data_storage.o [1]
fds_file_delete         0x00020591    0x80  Code  Gb  fds.o [1]
fds_gc                  0x00020611    0x80  Code  Gb  fds.o [1]
fds_init                0x0001fea5   0x188  Code  Gb  fds.o [1]
fds_record_close        0x00020073    0x48  Code  Gb  fds.o [1]
fds_record_find         0x00020691    0x10  Code  Gb  fds.o [1]
fds_record_find_by_key  0x000206a1    0x12  Code  Gb  fds.o [1]
fds_record_find_in_file
                        0x000206b3    0x12  Code  Gb  fds.o [1]
fds_record_id_from_desc
                        0x000206c5    0x14  Code  Gb  fds.o [1]
fds_record_open         0x0002002d    0x46  Code  Gb  fds.o [1]
fds_record_update       0x00020415   0x178  Code  Gb  fds.o [1]
fds_record_write        0x0002018d   0x170  Code  Gb  fds.o [1]
fds_record_write_reserved
                        0x000202fd   0x116  Code  Gb  fds.o [1]
fds_register            0x0001fe79    0x22  Code  Gb  fds.o [1]
fds_reserve             0x000200bb    0x80  Code  Gb  fds.o [1]
fds_reserve_cancel      0x0002013b    0x4a  Code  Gb  fds.o [1]
file_find_and_delete::tok
                        0x20006720     0x8  Data  Lc  fds.o [1]
free                    0x00022039    0x7a  Code  Gb  xxmemxfree.o [3]
fs_config               0x2000449c    0x10  Data  Gb  fds.o [1]
fs_data$$Base           0x2000449c           --   Gb  - Linker created -
fs_data$$Limit          0x200044ac           --   Gb  - Linker created -
fs_erase                0x000209e3    0xae  Code  Gb  fstorage.o [1]
fs_event_handler        0x0001fe75     0x4  Code  Lc  fds.o [1]
fs_init                 0x00020791   0x192  Code  Gb  fstorage.o [1]
fs_queued_op_count_get  0x00020a91    0x10  Code  Gb  fstorage.o [1]
fs_store                0x00020923    0xc0  Code  Gb  fstorage.o [1]
fs_sys_event_handler    0x00020aa1   0x154  Code  Gb  fstorage.o [1]
g_dbug_count            0x20006e08     0x4  Data  Gb  main.o [1]
g_return_val            0x20006e0c     0x4  Data  Gb  main.o [1]
gap_params_init         0x000295eb    0x76  Code  Gb  BLE_Init.o [1]
gatt_evt_handler        0x00029689     0x2  Code  Lc  BLE_Init.o [1]
gatt_init               0x00029661    0x28  Code  Gb  BLE_Init.o [1]
gc_execute              0x0001fab5   0x14a  Code  Lc  fds.o [1]
gc_page_erase           0x0001f717    0x48  Code  Lc  fds.o [1]
gc_state_advance        0x0001f761    0x96  Code  Lc  fds.o [1]
gcm_ble_evt_handler     0x00025e73    0xe0  Code  Gb  gatt_cache_manager.o [1]
gcm_gscm_evt_handler    0x00025cbd    0x6c  Code  Gb  gatt_cache_manager.o [1]
gcm_im_evt_handler      0x00025d29    0x2a  Code  Gb  gatt_cache_manager.o [1]
gcm_init                0x00025d61    0x3a  Code  Gb  gatt_cache_manager.o [1]
gcm_local_database_has_changed
                        0x00025f53    0x48  Code  Gb  gatt_cache_manager.o [1]
gcm_smd_evt_handler     0x00025d53     0xe  Code  Gb  gatt_cache_manager.o [1]
get_cal_humidity        0x00029de3     0xe  Code  Gb  ADC.o [1]
get_cal_temperature     0x00029dd5     0xe  Code  Gb  ADC.o [1]
get_raw_air_quality     0x00029dcf     0x6  Code  Gb  ADC.o [1]
get_raw_humidity        0x00029dc9     0x6  Code  Gb  ADC.o [1]
get_raw_temperature     0x00029dc3     0x6  Code  Gb  ADC.o [1]
gscm_db_change_notification_done
                        0x00025495    0x1c  Code  Gb  gatts_cache_manager.o [1]
gscm_db_change_notification_done::service_changed_pending
                        0x0002c770     0x4  Data  Lc  gatts_cache_manager.o [1]
gscm_init               0x0002530f     0xc  Code  Gb  gatts_cache_manager.o [1]
gscm_local_database_has_changed
                        0x0002540b    0x3e  Code  Gb  gatts_cache_manager.o [1]
gscm_local_db_cache_apply
                        0x0002539d    0x6e  Code  Gb  gatts_cache_manager.o [1]
gscm_local_db_cache_update
                        0x0002531b    0x82  Code  Gb  gatts_cache_manager.o [1]
gscm_pdb_evt_handler    0x000252a1    0x6e  Code  Gb  gatts_cache_manager.o [1]
gscm_service_changed_ind_needed
                        0x00025449    0x1e  Code  Gb  gatts_cache_manager.o [1]
gscm_service_changed_ind_send
                        0x00025467    0x24  Code  Gb  gatts_cache_manager.o [1]
gscm_service_changed_ind_send::start_handle
                        0x20006c3a     0x2  Data  Lc  gatts_cache_manager.o [1]
humidity_characteristic_add
                        0x00029965    0xce  Code  Lc  BLE_Services.o [1]
im_ble_addr_get         0x00024217    0x60  Code  Gb  id_manager.o [1]
im_ble_evt_handler      0x00023f41   0x13c  Code  Gb  id_manager.o [1]
im_conn_handle_get      0x0002438d    0x46  Code  Gb  id_manager.o [1]
im_init                 0x0002418b    0x36  Code  Gb  id_manager.o [1]
im_master_id_is_valid   0x000243d3    0x3a  Code  Gb  id_manager.o [1]
im_master_ids_compare   0x00024277    0x58  Code  Gb  id_manager.o [1]
im_new_peer_id          0x0002440d    0x4e  Code  Gb  id_manager.o [1]
im_pdb_evt_handler      0x0002407d   0x10e  Code  Gb  id_manager.o [1]
im_peer_free            0x0002445b    0x9c  Code  Gb  id_manager.o [1]
im_peer_id_get_by_conn_handle
                        0x000241c1    0x56  Code  Gb  id_manager.o [1]
im_peer_id_get_by_master_id
                        0x000242cf    0xbe  Code  Gb  id_manager.o [1]
init_execute            0x0001f7f9   0x122  Code  Lc  fds.o [1]
intern_softdevice_events_execute
                        0x00029b51    0x72  Code  Gb  softdevice_handler.o [1]
isalpha                 0x00027395    0x14  Code  Gb  isxxx.o [3]
ispunct                 0x000273a9    0x14  Code  Gb  isxxx.o [3]
link_secure             0x0002455d    0xde  Code  Lc  security_manager.o [1]
link_secure_central     0x00024f6b   0x104  Code  Lc  security_dispatcher.o [1]
link_secure_central_existing_peer
                        0x00024e7d    0xee  Code  Lc  security_dispatcher.o [1]
link_secure_failure     0x00024c33    0xd2  Code  Lc  security_dispatcher.o [1]
link_secure_pending_process
                        0x0002478d    0xee  Code  Lc  security_manager.o [1]
local_db_apply_in_evt   0x00025bd1    0x78  Code  Lc  gatt_cache_manager.o [1]
local_db_update_in_evt  0x00025c49    0x74  Code  Lc  gatt_cache_manager.o [1]
localeconv              0x0002299f    0x16  Code  Gb  localeconv.o [3]
m_adc_evt_counter       0x20006ed8     0x4  Data  Lc  ADC.o [1]
m_adc_samples_queue     0x20006dfc     0x4  Data  Lc  main.o [1]
m_adc_thread            0x20006e14     0x4  Data  Lc  main.o [1]
m_adv_evt               0x20006b02     0x1  Data  Lc  ble_advertising.o [1]
m_adv_mode_current      0x20006b03     0x1  Data  Lc  ble_advertising.o [1]
m_adv_modes_config      0x20006abc    0x20  Data  Lc  ble_advertising.o [1]
m_adv_uuids             0x20003fd8     0x4  Data  Lc  BLE_Advertisement.o [1]
m_advdata               0x20006d54    0x3c  Data  Lc  ble_advertising.o [1]
m_advertising_start_pending
                        0x20006b01     0x1  Data  Lc  ble_advertising.o [1]
m_alert_on              0x20006b62     0x1  Data  Lc  bsp.o [1]
m_alert_timer_id_data   0x20006b90    0x20  Data  Lc  bsp.o [1]
m_bcs                   0x20006a04    0xb8  Data  Lc  ble_conn_state.o [1]
m_ble_event_ready       0x20006f1c     0x4  Data  Gb  BLE_Init.o [1]
m_ble_evt_buffer_size   0x20006e9e     0x2  Data  Lc  softdevice_handler.o [1]
m_ble_evt_handler       0x20006eac     0x4  Data  Lc  softdevice_handler.o [1]
m_ble_stack_thread      0x20006e10     0x4  Data  Lc  main.o [1]
m_blocking_mode         0x20003ff5     0x1  Data  Lc  nrf_log_backend_serial.o [1]
m_board_btn_list        0x00029ef4     0x4  Data  Lc  boards.o [1]
m_board_led_list        0x00029ef0     0x4  Data  Lc  boards.o [1]
m_bonding_flag_id       0x20006e5d     0x1  Data  Lc  peer_manager.o [1]
m_buffer_pool           0x20006ee8     0x8  Data  Lc  ADC.o [1]
m_button_timer_id_data  0x20006bb0    0x20  Data  Lc  bsp.o [1]
m_cb                    0x20006c3c    0x58  Data  Lc  nrf_drv_gpiote.o [1]
m_cb                    0x20006e1c    0x20  Data  Lc  nrf_drv_uart.o [1]
m_cb                    0x20006dcc    0x30  Data  Lc  nrf_drv_saadc.o [1]
m_cb_table              0x200066e8    0x20  Data  Lc  fds.o [1]
m_change_param          0x20006cb1     0x1  Data  Lc  ble_conn_params.o [1]
m_chunk_queue           0x20006680    0x48  Data  Lc  fds.o [1]
m_clock_cb              0x20006e88    0x14  Data  Lc  nrf_drv_clock.o [1]
m_conn_cfg_tag          0x20006b04     0x1  Data  Lc  ble_advertising.o [1]
m_conn_handle           0x20006cb2     0x2  Data  Lc  ble_conn_params.o [1]
m_conn_params_config    0x20006c94    0x1c  Data  Lc  ble_conn_params.o [1]
m_conn_params_timer_id  0x0002b098     0x4  Data  Lc  ble_conn_params.o [1]
m_conn_params_timer_id_data
                        0x20006cb4    0x20  Data  Lc  ble_conn_params.o [1]
m_conn_state_user_flag_id
                        0x2000682c     0x1  Data  Lc  id_manager.o [1]
m_connections           0x2000673c    0xf0  Data  Lc  id_manager.o [1]
m_current_conn_params   0x20006f00     0x8  Data  Lc  ble_conn_params.o [1]
m_current_highest_peer_rank
                        0x20006e64     0x4  Data  Lc  peer_manager.o [1]
m_current_sc_store_peer_id
                        0x2000682e     0x2  Data  Lc  gatts_cache_manager.o [1]
m_current_slave_link_conn_handle
                        0x20006b0a     0x2  Data  Lc  ble_advertising.o [1]
m_default_config        0x0002b900     0x4  Data  Lc  nrf_drv_saadc.o [1]
m_deleting_all          0x20006e5a     0x1  Data  Lc  peer_manager.o [1]
m_display_thread        0x20006e18     0x4  Data  Lc  main.o [1]
m_error_handler         0x20006ef0     0x4  Data  Lc  bsp_btn_ble.o [1]
m_error_handler         0x20006b50     0x4  Data  Lc  ble_advertising.o [1]
m_events_list           0x20006b54     0xc  Data  Lc  bsp.o [1]
m_evt_handler           0x20006b4c     0x4  Data  Lc  ble_advertising.o [1]
m_evt_handlers          0x20006e68     0xc  Data  Lc  peer_manager.o [1]
m_evt_schedule_func     0x20006ea0     0x4  Data  Lc  softdevice_handler.o [1]
m_fds_ftok              0x20006f08     0x8  Data  Lc  peer_data_storage.o [1]
m_fds_tl_dirty          0x0001fe70     0x4  Data  Lc  fds.o [1]
m_flag_link_secure_force_repairing
                        0x20003feb     0x1  Data  Lc  security_manager.o [1]
m_flag_link_secure_null_params
                        0x20003fec     0x1  Data  Lc  security_manager.o [1]
m_flag_link_secure_pending_busy
                        0x20003fe9     0x1  Data  Lc  security_manager.o [1]
m_flag_link_secure_pending_flash_full
                        0x20003fea     0x1  Data  Lc  security_manager.o [1]
m_flag_local_db_apply_pending
                        0x20006f21     0x1  Data  Lc  gatt_cache_manager.o [1]
m_flag_local_db_update_pending
                        0x20006f20     0x1  Data  Lc  gatt_cache_manager.o [1]
m_flag_params_reply_pending_busy
                        0x20003fed     0x1  Data  Lc  security_manager.o [1]
m_flag_params_reply_pending_flash_full
                        0x20003fee     0x1  Data  Lc  security_manager.o [1]
m_flag_reject_pairing   0x20003fef     0x1  Data  Lc  security_manager.o [1]
m_flag_sec_proc         0x20004498     0x1  Data  Lc  security_dispatcher.o [1]
m_flag_sec_proc_new_peer
                        0x2000449a     0x1  Data  Lc  security_dispatcher.o [1]
m_flag_sec_proc_pairing
                        0x20004499     0x1  Data  Lc  security_dispatcher.o [1]
m_flag_service_changed_pending
                        0x20006f22     0x1  Data  Lc  gatt_cache_manager.o [1]
m_flag_service_changed_sent
                        0x20006f23     0x1  Data  Lc  gatt_cache_manager.o [1]
m_flags                 0x20006734     0x1  Data  Lc  fds.o [1]
m_flags                 0x20006c38     0x1  Data  Lc  fstorage.o [1]
m_gatt                  0x20006e74    0x14  Data  Lc  BLE_Init.o [1]
m_gc                    0x20006708    0x10  Data  Lc  fds.o [1]
m_highest_ranked_peer   0x20006e5e     0x2  Data  Lc  peer_manager.o [1]
m_indication_type       0x20006b64     0x4  Data  Lc  bsp.o [1]
m_initialized           0x20006b00     0x1  Data  Lc  ble_advertising.o [1]
m_initialized           0x20003ff4     0x1  Data  Lc  nrf_log_backend_serial.o [1]
m_latest_rec_id         0x20006738     0x4  Data  Lc  fds.o [1]
m_leds_clear            0x20006b61     0x1  Data  Lc  bsp.o [1]
m_leds_timer_id_data    0x20006b70    0x20  Data  Lc  bsp.o [1]
m_log_data              0x20005eb8   0x418  Data  Lc  nrf_log_frontend.o [1]
m_manuf_data_array      0x20006b0c    0x20  Data  Lc  ble_advertising.o [1]
m_manuf_specific_data   0x20006adc     0xc  Data  Lc  ble_advertising.o [1]
m_module_initialized    0x20006e58     0x1  Data  Lc  peer_manager.o [1]
m_n_registrants         0x20006e5b     0x1  Data  Lc  peer_manager.o [1]
m_n_writes              0x20006370     0x4  Data  Lc  peer_database.o [1]
m_num_connections       0x20006ef4     0x4  Data  Lc  bsp_btn_ble.o [1]
m_op_queue              0x20006608    0x78  Data  Lc  fds.o [1]
m_p_public_key          0x20003ff0     0x4  Data  Lc  security_manager.o [1]
m_pages                 0x200066c8    0x20  Data  Lc  fds.o [1]
m_pairing_flag_id       0x20006e5c     0x1  Data  Lc  peer_manager.o [1]
m_peer_addr_reply_expected
                        0x20006b05     0x1  Data  Lc  ble_advertising.o [1]
m_peer_address          0x20006af4     0x8  Data  Lc  ble_advertising.o [1]
m_peer_delete_ongoing   0x20006606     0x1  Data  Lc  peer_data_storage.o [1]
m_peer_delete_queued    0x20006605     0x1  Data  Lc  peer_data_storage.o [1]
m_peer_pk               0x20006d14    0x40  Data  Lc  security_dispatcher.o [1]
m_peer_rank_initialized
                        0x20006e59     0x1  Data  Lc  peer_manager.o [1]
m_peer_rank_token       0x20006e60     0x4  Data  Lc  peer_manager.o [1]
m_pi                    0x20006cd4    0x40  Data  Lc  peer_id.o [1]
m_preferred_conn_params
                        0x20006ef8     0x8  Data  Lc  ble_conn_params.o [1]
m_queue                 0x20006bd0    0x68  Data  Lc  fstorage.o [1]
m_registered_callback   0x20006b68     0x4  Data  Lc  bsp.o [1]
m_retry_count           0x20006c39     0x1  Data  Lc  fstorage.o [1]
m_rx_done               0x20003ff6     0x1  Data  Lc  nrf_log_backend_serial.o [1]
m_sec_params            0x20003fe0     0x8  Data  Lc  security_manager.o [1]
m_sec_params_valid      0x20003fe8     0x1  Data  Lc  security_manager.o [1]
m_service_data          0x20006ae8     0xc  Data  Lc  ble_advertising.o [1]
m_service_data_array    0x20006b2c    0x20  Data  Lc  ble_advertising.o [1]
m_slave_conn_int        0x20006afc     0x4  Data  Lc  ble_advertising.o [1]
m_softdevice_enabled    0x20006e9c     0x1  Data  Lc  softdevice_handler.o [1]
m_stable_state          0x20006b60     0x1  Data  Lc  bsp.o [1]
m_suspended             0x20006e9d     0x1  Data  Lc  softdevice_handler.o [1]
m_swap_page             0x20006718     0x8  Data  Lc  fds.o [1]
m_sys_evt_handler       0x20006ea4     0x4  Data  Lc  softdevice_handler.o [1]
m_tick_overflow_count   0x20006f28     0x4  Data  Lc  port_cmsis_systick.o [1]
m_uart                  0x200040f8     0x8  Data  Lc  nrf_log_backend_serial.o [1]
m_uart_buffer           0x20003ff8   0x100  Data  Lc  nrf_log_backend_serial.o [1]
m_unknown_str           0x0002ab10    0x14  Data  Lc  nrf_strerror.o [1]
m_update_count          0x20006cb0     0x1  Data  Lc  ble_conn_params.o [1]
m_users                 0x20006735     0x1  Data  Lc  fds.o [1]
m_whitelist_in_use      0x20006b08     0x1  Data  Lc  ble_advertising.o [1]
m_whitelist_reply_expected
                        0x20006b07     0x1  Data  Lc  ble_advertising.o [1]
m_whitelist_temporarily_disabled
                        0x20006b06     0x1  Data  Lc  ble_advertising.o [1]
m_write_buffer          0x20006374    0x10  Data  Lc  peer_database.o [1]
m_write_buffer_records  0x200062d0    0xa0  Data  Lc  peer_database.o [1]
main                    0x000286b9    0xd6  Code  Gb  main.o [1]
malloc                  0x00021ef5    0xac  Code  Gb  xxmemxmalloc.o [3]
manufData               0x20003fc0     0xc  Data  Lc  BLE_Advertisement.o [1]
manuf_arr               0x20003fd4     0x4  Data  Gb  BLE_Advertisement.o [1]
memchr                  0x00021e91          Code  Gb  memchr.o [5]
mp_ble_evt_buffer       0x20006ea8     0x4  Data  Lc  softdevice_handler.o [1]
name_encode             0x0002b935    0xa6  Code  Lc  ble_advdata.o [1]
new_connection          0x00023e99    0xa8  Code  Gb  id_manager.o [1]
nrf_ble_gatt_att_mtu_periph_set
                        0x0002b153    0x18  Code  Gb  nrf_ble_gatt.o [1]
nrf_ble_gatt_init       0x0002b127    0x2c  Code  Gb  nrf_ble_gatt.o [1]
nrf_ble_gatt_on_ble_evt
                        0x0002b16b   0x190  Code  Gb  nrf_ble_gatt.o [1]
nrf_drv_clock_init      0x00029ef9    0x48  Code  Gb  nrf_drv_clock.o [1]
nrf_drv_clock_lfclk_request
                        0x00029f41    0x8a  Code  Gb  nrf_drv_clock.o [1]
nrf_drv_clock_on_sd_enable
                        0x0002a049    0x30  Code  Gb  nrf_drv_clock.o [1]
nrf_drv_clock_on_soc_event
                        0x0002a029    0x20  Code  Gb  nrf_drv_clock.o [1]
nrf_drv_common_irq_enable
                        0x000273bd    0x32  Code  Gb  nrf_drv_common.o [1]
nrf_drv_saadc_buffer_convert
                        0x0002b809    0xc0  Code  Gb  nrf_drv_saadc.o [1]
nrf_drv_saadc_channel_init
                        0x0002b797    0x70  Code  Gb  nrf_drv_saadc.o [1]
nrf_drv_saadc_init      0x0002b707    0x90  Code  Gb  nrf_drv_saadc.o [1]
nrf_drv_saadc_sample    0x0002b8c9    0x22  Code  Gb  nrf_drv_saadc.o [1]
nrf_drv_uart_init       0x00026df3    0xe2  Code  Gb  nrf_drv_uart.o [1]
nrf_drv_uart_tx         0x00026f35   0x144  Code  Gb  nrf_drv_uart.o [1]
nrf_drv_uart_tx_in_progress
                        0x00027079    0x16  Code  Gb  nrf_drv_uart.o [1]
nrf_drv_uart_uninit     0x00026ed5    0x5e  Code  Gb  nrf_drv_uart.o [1]
nrf_log_backend_hexdump_handler_get
                        0x00026a9f     0x4  Code  Gb  nrf_log_backend_serial.o [1]
nrf_log_backend_init    0x000267b9    0x6c  Code  Gb  nrf_log_backend_serial.o [1]
nrf_log_backend_serial_hexdump_handler
                        0x00026929   0x172  Code  Lc  nrf_log_backend_serial.o [1]
nrf_log_backend_serial_std_handler
                        0x00026871    0xb8  Code  Lc  nrf_log_backend_serial.o [1]
nrf_log_backend_std_handler_get
                        0x00026a9b     0x4  Code  Gb  nrf_log_backend_serial.o [1]
nrf_log_blocking_backend_set
                        0x0002645d     0x6  Code  Gb  nrf_log_frontend.o [1]
nrf_log_frontend_dequeue
                        0x00026601   0x19c  Code  Gb  nrf_log_frontend.o [1]
nrf_log_frontend_std_0  0x00026463    0x7a  Code  Gb  nrf_log_frontend.o [1]
nrf_log_frontend_std_1  0x000264dd    0x8a  Code  Gb  nrf_log_frontend.o [1]
nrf_log_frontend_std_2  0x00026567    0x9a  Code  Gb  nrf_log_frontend.o [1]
nrf_log_init            0x00026429    0x34  Code  Gb  nrf_log_frontend.o [1]
nrf_nvic_state          0x20006edc     0xc  Data  Gb  app_util_platform.o [1]
nrf_saadc_channel_init  0x0002be85    0x58  Code  Gb  nrf_saadc.o [1]
nrf_strerror_array      0x0002ab24    0xf0  Data  Lc  nrf_strerror.o [1]
nrf_strerror_get        0x0002aad5    0x3a  Code  Gb  nrf_strerror.o [1]
on_adv_evt              0x0002941d    0x2a  Code  Lc  BLE_Advertisement.o [1]
on_ble_evt              0x0002968b    0xa2  Code  Lc  BLE_Init.o [1]
on_conn_params_evt      0x00029791    0x16  Code  Lc  BLE_Init.o [1]
on_connected_evt        0x0002b09d    0x8a  Code  Lc  nrf_ble_gatt.o [1]
op_enqueue              0x0001f461    0xe2  Code  Lc  fds.o [1]
page_tag_write_data::page_tag_data
                        0x0001fc00     0x8  Data  Lc  fds.o [1]
page_tag_write_swap::page_tag_swap
                        0x0001fc08     0x8  Data  Lc  fds.o [1]
pages_init              0x0001f545   0x1d2  Code  Lc  fds.o [1]
params_reply_pending_process
                        0x0002487b    0x3e  Code  Lc  security_manager.o [1]
pdb_init                0x00022dc7   0x12c  Code  Gb  peer_database.o [1]
pdb_init{1}{2}::buffer_memory
                        0x20006384   0x280  Data  Lc  peer_database.o [1]
pdb_init{1}{2}::mutex_memory
                        0x20006604     0x1  Data  Lc  peer_database.o [1]
pdb_next_deleted_peer_id_get
                        0x00023741     0x4  Code  Gb  peer_database.o [1]
pdb_next_peer_id_get    0x0002373d     0x4  Code  Gb  peer_database.o [1]
pdb_pds_evt_handler     0x00022b6d   0x25a  Code  Gb  peer_database.o [1]
pdb_peer_allocate       0x00022ef3     0x4  Code  Gb  peer_database.o [1]
pdb_peer_data_ptr_get   0x000230d1     0x6  Code  Gb  peer_database.o [1]
pdb_peer_free           0x00022ef7   0x1da  Code  Gb  peer_database.o [1]
pdb_raw_store           0x00023745     0x8  Code  Gb  peer_database.o [1]
pdb_write_buf_get       0x000230d7   0x2a8  Code  Gb  peer_database.o [1]
pdb_write_buf_release   0x0002337f   0x102  Code  Gb  peer_database.o [1]
pdb_write_buf_store     0x000235b1   0x186  Code  Gb  peer_database.o [1]
pdb_write_buf_store_prepare
                        0x00023481   0x12e  Code  Gb  peer_database.o [1]
pds_init                0x0002565d    0x5e  Code  Gb  peer_data_storage.o [1]
pds_next_deleted_peer_id_get
                        0x0002590b     0x4  Code  Gb  peer_data_storage.o [1]
pds_next_peer_id_get    0x00025907     0x4  Code  Gb  peer_data_storage.o [1]
pds_peer_data_iterate   0x00025751    0x4c  Code  Gb  peer_data_storage.o [1]
pds_peer_data_iterate_prepare
                        0x00025747     0xa  Code  Gb  peer_data_storage.o [1]
pds_peer_data_read      0x000256bb    0x8c  Code  Gb  peer_data_storage.o [1]
pds_peer_data_store     0x0002580d    0xd4  Code  Gb  peer_data_storage.o [1]
pds_peer_id_allocate    0x000258e1     0x8  Code  Gb  peer_data_storage.o [1]
pds_peer_id_free        0x000258e9    0x1a  Code  Gb  peer_data_storage.o [1]
pds_peer_id_is_allocated
                        0x00025903     0x4  Code  Gb  peer_data_storage.o [1]
pds_space_reserve       0x000257a9    0x54  Code  Gb  peer_data_storage.o [1]
pds_space_reserve_cancel
                        0x000257fd    0x10  Code  Gb  peer_data_storage.o [1]
peer_data_delete        0x000254c1    0x7a  Code  Lc  peer_data_storage.o [1]
peer_id_allocate        0x00026033    0x3a  Code  Gb  peer_id.o [1]
peer_id_delete          0x0002606d    0x2c  Code  Gb  peer_id.o [1]
peer_id_free            0x00026099    0x28  Code  Gb  peer_id.o [1]
peer_id_get_next_deleted
                        0x0002612f    0x2e  Code  Gb  peer_id.o [1]
peer_id_get_next_used   0x000260d1    0x5e  Code  Gb  peer_id.o [1]
peer_id_init            0x0002600d    0x26  Code  Gb  peer_id.o [1]
peer_id_is_allocated    0x000260c1    0x10  Code  Gb  peer_id.o [1]
pins_to_default         0x00026d53    0xa0  Code  Lc  nrf_drv_uart.o [1]
pm_buffer_block_acquire
                        0x000237af    0x7a  Code  Gb  pm_buffer.o [1]
pm_buffer_init          0x0002376d    0x42  Code  Gb  pm_buffer.o [1]
pm_buffer_ptr_get       0x00023829    0x32  Code  Gb  pm_buffer.o [1]
pm_buffer_release       0x0002385b    0x32  Code  Gb  pm_buffer.o [1]
pm_conn_sec_config_reply
                        0x00023df3     0x4  Code  Gb  peer_manager.o [1]
pm_evt_handler          0x0002850d    0x62  Code  Lc  main.o [1]
pm_gcm_evt_handler      0x00023c09    0xb8  Code  Gb  peer_manager.o [1]
pm_im_evt_handler       0x00023cc1    0x74  Code  Gb  peer_manager.o [1]
pm_init                 0x00023d59    0x64  Code  Gb  peer_manager.o [1]
pm_local_database_has_changed
                        0x00023df7    0x10  Code  Gb  peer_manager.o [1]
pm_mutex_init           0x0002590f     0xc  Code  Gb  pm_mutex.o [1]
pm_mutex_lock           0x0002591b    0x42  Code  Gb  pm_mutex.o [1]
pm_mutex_lock_first_available
                        0x0002599b    0x64  Code  Gb  pm_mutex.o [1]
pm_mutex_lock_status_get
                        0x000259ff    0x16  Code  Gb  pm_mutex.o [1]
pm_mutex_unlock         0x0002595d    0x3e  Code  Gb  pm_mutex.o [1]
pm_on_ble_evt           0x00023d35    0x24  Code  Gb  peer_manager.o [1]
pm_pdb_evt_handler      0x0002388d   0x1e4  Code  Gb  peer_manager.o [1]
pm_peers_delete         0x00023e09    0x8a  Code  Gb  peer_manager.o [1]
pm_register             0x00023dbd    0x24  Code  Gb  peer_manager.o [1]
pm_sec_params_set       0x00023de1    0x12  Code  Gb  peer_manager.o [1]
pm_sm_evt_handler       0x00023a71   0x198  Code  Gb  peer_manager.o [1]
prvAddNewTaskToReadyList
                        0x00027541    0xf2  Code  Lc  tasks.o [1]
prvCheckForValidListAndQueue
                        0x00028483    0x46  Code  Lc  timers.o [1]
prvCopyDataFromQueue    0x00029251    0x2c  Code  Lc  queue.o [1]
prvCopyDataToQueue      0x000291d5    0x7c  Code  Lc  queue.o [1]
prvIdleTask             0x00027c09    0xd0  Code  Lc  tasks.o [1]
prvInsertTimerInActiveList
                        0x000282d9    0x38  Code  Lc  timers.o [1]
prvProcessReceivedCommands
                        0x00028311   0x172  Code  Lc  timers.o [1]
prvProcessTimerOrBlockTask
                        0x000281c3   0x116  Code  Lc  timers.o [1]
prvSampleTimeNow::xLastTime
                        0x20006da0     0x4  Data  Lc  timers.o [1]
prvTaskExitError        0x00028061     0x8  Code  Lc  port_cmsis.o [1]
prvTimerTask            0x0002819d    0x26  Code  Lc  timers.o [1]
prvUnlockQueue          0x0002927d    0x60  Code  Lc  queue.o [1]
pvPortMalloc            0x00027f29    0x4c  Code  Gb  heap_1.o [1]
pvPortMalloc::pucAlignedHeap
                        0x20004eb4     0x4  Data  Lc  heap_1.o [1]
pvTaskIncrementMutexHeldCount
                        0x00027f07    0x1a  Code  Gb  tasks.o [1]
pvTimerGetTimerID       0x000284e1    0x12  Code  Gb  timers.o [1]
pxCurrentTCB            0x200068bc     0x4  Data  Gb  tasks.o [1]
pxCurrentTimerList      0x20006d90     0x4  Data  Lc  timers.o [1]
pxDelayedTaskList       0x200068c0     0x4  Data  Lc  tasks.o [1]
pxOverflowDelayedTaskList
                        0x200068c4     0x4  Data  Lc  tasks.o [1]
pxOverflowTimerList     0x20006d94     0x4  Data  Lc  timers.o [1]
pxPortInitialiseStack   0x00028035    0x2a  Code  Gb  port_cmsis.o [1]
pxReadyTasksLists       0x20006858    0x50  Data  Lc  tasks.o [1]
queue_process           0x0001fc11   0x260  Code  Lc  fds.o [1]
queue_process           0x000206dd    0xb2  Code  Lc  fstorage.o [1]
ram_start_add           0x20006924     0x4  Data  Gb  BLE_Init.o [1]
raw_adc_air_qual        0x20006ed4     0x2  Data  Lc  ADC.o [1]
raw_adc_value_humidity  0x20006ed2     0x2  Data  Lc  ADC.o [1]
raw_adc_value_temp      0x20006ed0     0x2  Data  Lc  ADC.o [1]
record_find             0x0001f393    0xcc  Code  Lc  fds.o [1]
record_find_by_desc     0x0001f2b5    0xde  Code  Lc  fds.o [1]
record_find_next        0x0001f26b    0x4a  Code  Lc  fds.o [1]
saadc_callback          0x00029d95    0x2e  Code  Lc  ADC.o [1]
saadc_init              0x00029d21    0x6e  Code  Gb  ADC.o [1]
saadc_sampling_event_enable
                        0x00029d8f     0x4  Code  Gb  ADC.o [1]
sdk_mapped_flags_bulk_update_by_key
                        0x00026239    0x7e  Code  Gb  sdk_mapped_flags.o [1]
sdk_mapped_flags_first_key_index_get
                        0x000261d1    0x1e  Code  Gb  sdk_mapped_flags.o [1]
sdk_mapped_flags_get_by_key
                        0x000262b7    0x3c  Code  Gb  sdk_mapped_flags.o [1]
sdk_mapped_flags_key_list_get
                        0x000262f5    0x8e  Code  Gb  sdk_mapped_flags.o [1]
sdk_mapped_flags_update_by_key
                        0x000261ef    0x4a  Code  Gb  sdk_mapped_flags.o [1]
sec_info_request_process
                        0x00024a99    0xe4  Code  Lc  security_dispatcher.o [1]
sec_proc_start          0x00024a45    0x54  Code  Lc  security_dispatcher.o [1]
serial_tx               0x00026825    0x4c  Code  Lc  nrf_log_backend_serial.o [1]
service_changed_pending_flags_check
                        0x00025d9b    0xd8  Code  Lc  gatt_cache_manager.o [1]
service_changed_pending_set::service_changed_pending
                        0x0002c76c     0x4  Data  Lc  gatts_cache_manager.o [1]
service_data_encode     0x0002bb11    0x8e  Code  Lc  ble_advdata.o [1]
services_init           0x000297bd    0x42  Code  Gb  BLE_Services.o [1]
sleep_mode_enter        0x0002aec3    0x2c  Code  Gb  Globals.o [1]
sm_ble_evt_handler      0x00024955    0x14  Code  Gb  security_manager.o [1]
sm_conn_sec_config_reply
                        0x000249f7     0xe  Code  Gb  security_manager.o [1]
sm_init                 0x000248ef    0x66  Code  Gb  security_manager.o [1]
sm_pdb_evt_handler      0x000248b9    0x36  Code  Gb  security_manager.o [1]
sm_sec_params_set       0x00024969    0x8e  Code  Gb  security_manager.o [1]
sm_smd_evt_handler      0x0002471d    0x70  Code  Gb  security_manager.o [1]
smart_home              0x20006e3c    0x1c  Data  Gb  BLE_Init.o [1]
smd_ble_evt_handler     0x0002509d   0x1be  Code  Gb  security_dispatcher.o [1]
smd_init                0x00024d05    0x42  Code  Gb  security_dispatcher.o [1]
smd_link_secure         0x0002506f    0x2e  Code  Gb  security_dispatcher.o [1]
smd_params_reply        0x00024d47   0x136  Code  Gb  security_dispatcher.o [1]
smd_params_reply_perform
                        0x0002463b    0xe2  Code  Lc  security_manager.o [1]
smd_pdb_evt_handler     0x00024a09    0x3c  Code  Gb  security_dispatcher.o [1]
snprintf                0x00027351    0x44  Code  Gb  snprintf.o [3]
softdevice_app_ram_start_get
                        0x00029c8f    0x10  Code  Gb  softdevice_handler.o [1]
softdevice_ble_evt_handler_set
                        0x00029c49    0x10  Code  Gb  softdevice_handler.o [1]
softdevice_enable       0x00029cb5    0x2c  Code  Gb  softdevice_handler.o [1]
softdevice_fault_handler
                        0x00029b4d     0x4  Code  Gb  softdevice_handler.o [1]
softdevice_handler_init
                        0x00029bc9    0x80  Code  Gb  softdevice_handler.o [1]
softdevice_handler_is_enabled
                        0x00029bc3     0x6  Code  Gb  softdevice_handler.o [1]
softdevice_sys_evt_handler_set
                        0x00029c59    0x10  Code  Gb  softdevice_handler.o [1]
strchr                  0x00021e41          Code  Gb  strchr.o [5]
strlen                  0x00021e59          Code  Gb  strlen.o [5]
sys_evt_dispatch        0x000295d9    0x12  Code  Lc  BLE_Init.o [1]
task_name               0x20006eb0    0x10  Data  Gb  main.o [1]
temperature_characteristic_add
                        0x00029899    0xcc  Code  Lc  BLE_Services.o [1]
uart_event_handler      0x000267ad     0xc  Code  Lc  nrf_log_backend_serial.o [1]
uart_irq_handler        0x0002708f   0x18a  Code  Lc  nrf_drv_uart.o [1]
uarte_irq_handler       0x00027219   0x106  Code  Lc  nrf_drv_uart.o [1]
ucHeap                  0x20004eb8  0x1000  Data  Lc  heap_1.o [1]
update_timeout_handler  0x0002aef1    0x5a  Code  Lc  ble_conn_params.o [1]
uuid_list_sized_encode  0x0002b9db    0xb2  Code  Lc  ble_advdata.o [1]
uxCriticalNesting       0x20006f24     0x4  Data  Lc  port_cmsis.o [1]
uxCurrentNumberOfTasks  0x200068cc     0x4  Data  Lc  tasks.o [1]
uxDeletedTasksWaitingCleanUp
                        0x200068c8     0x4  Data  Lc  tasks.o [1]
uxHighWaterMark_adc     0x20006e04     0x4  Data  Gb  main.o [1]
uxHighWaterMark_ble     0x20006f18     0x4  Data  Gb  main.o [1]
uxHighWaterMark_disp    0x20006e00     0x4  Data  Gb  main.o [1]
uxListRemove            0x0002800d    0x26  Code  Gb  list.o [1]
uxPendedTicks           0x200068dc     0x4  Data  Lc  tasks.o [1]
uxSchedulerSuspended    0x200068f4     0x4  Data  Lc  tasks.o [1]
uxTaskGetStackHighWaterMark
                        0x00027d01    0x3c  Code  Gb  tasks.o [1]
uxTaskNumber            0x200068e8     0x4  Data  Lc  tasks.o [1]
uxTopReadyPriority      0x200068d4     0x4  Data  Lc  tasks.o [1]
vApplicationIdleHook    0x000286b7     0x2  Code  Gb  main.o [1]
vApplicationStackOverflowHook
                        0x0002878f    0x4e  Code  Gb  main.o [1]
vListInitialise         0x00027f7d    0x1a  Code  Gb  list.o [1]
vListInitialiseItem     0x00027f97     0x6  Code  Gb  list.o [1]
vListInsert             0x00027fb5    0x58  Code  Gb  list.o [1]
vListInsertEnd          0x00027f9d    0x18  Code  Gb  list.o [1]
vPortEnterCritical      0x000280a3    0x10  Code  Gb  port_cmsis.o [1]
vPortExitCritical       0x000280b3    0x12  Code  Gb  port_cmsis.o [1]
vPortFree               0x00027f75     0x2  Code  Gb  heap_1.o [1]
vPortSetupTimerInterrupt
                        0x00028887    0x34  Code  Gb  port_cmsis_systick.o [1]
vPortStartFirstTask     0x000289f1    0x26  Code  Gb  port.o [1]
vPortSuppressTicksAndSleep
                        0x000288bb   0x112  Code  Gb  port_cmsis_systick.o [1]
vQueueAddToRegistry     0x000292dd    0x28  Code  Gb  queue.o [1]
vQueueWaitForMessageRestricted
                        0x00029309    0x48  Code  Gb  queue.o [1]
vTaskDelay              0x00027633    0x8a  Code  Gb  tasks.o [1]
vTaskInternalSetTimeOutState
                        0x00027b93    0x12  Code  Gb  tasks.o [1]
vTaskMissedYield        0x00027bfd     0xc  Code  Gb  tasks.o [1]
vTaskPlaceOnEventList   0x000279e9    0x88  Code  Gb  tasks.o [1]
vTaskPlaceOnEventListRestricted
                        0x00027a75    0x9a  Code  Gb  tasks.o [1]
vTaskPriorityDisinheritAfterTimeout
                        0x00027e77    0x90  Code  Gb  tasks.o [1]
vTaskStartScheduler     0x000276bd    0xc8  Code  Gb  tasks.o [1]
vTaskStepTick           0x00027879    0x10  Code  Gb  tasks.o [1]
vTaskSuspendAll         0x00027785    0x10  Code  Gb  tasks.o [1]
vTaskSwitchContext      0x00027969    0x80  Code  Gb  tasks.o [1]
write_execute           0x0001f91d   0x196  Code  Lc  fds.o [1]
write_execute::desc     0x20006728     0xc  Data  Lc  fds.o [1]
write_execute::page     0x20006736     0x2  Data  Lc  fds.o [1]
write_space_reserve     0x0001f201    0x6a  Code  Lc  fds.o [1]
xActiveTimerList1       0x20006da4    0x14  Data  Lc  timers.o [1]
xActiveTimerList2       0x20006db8    0x14  Data  Lc  timers.o [1]
xDelayedTaskList1       0x200068f8    0x14  Data  Lc  tasks.o [1]
xDelayedTaskList2       0x2000690c    0x14  Data  Lc  tasks.o [1]
xIdleTaskHandle         0x200068f0     0x4  Data  Lc  tasks.o [1]
xNextFreeByte           0x20004eb0     0x4  Data  Lc  heap_1.o [1]
xNextTaskUnblockTime    0x200068ec     0x4  Data  Lc  tasks.o [1]
xNumOfOverflows         0x200068e4     0x4  Data  Lc  tasks.o [1]
xPendingReadyList       0x20006830    0x14  Data  Lc  tasks.o [1]
xPortStartScheduler     0x00028069    0x3a  Code  Gb  port_cmsis.o [1]
xQueueGenericCreate     0x00028a9d    0x7c  Code  Gb  queue.o [1]
xQueueGenericSend       0x00028b19   0x1ae  Code  Gb  queue.o [1]
xQueueGenericSendFromISR
                        0x00028cc7    0x6c  Code  Gb  queue.o [1]
xQueueGiveFromISR       0x00028d33    0x60  Code  Gb  queue.o [1]
xQueueReceive           0x00028d95   0x202  Code  Gb  queue.o [1]
xQueueRegistry          0x20006ec0    0x10  Data  Gb  queue.o [1]
xQueueSemaphoreTake     0x00028f99   0x238  Code  Gb  queue.o [1]
xSchedulerRunning       0x200068d8     0x4  Data  Lc  tasks.o [1]
xSuspendedTaskList      0x200068a8    0x14  Data  Lc  tasks.o [1]
xTaskCheckForTimeOut    0x00027ba5    0x58  Code  Gb  tasks.o [1]
xTaskCreate             0x0002743d   0x104  Code  Gb  tasks.o [1]
xTaskGetSchedulerState  0x00027d3d    0x1c  Code  Gb  tasks.o [1]
xTaskGetTickCount       0x00027865     0xa  Code  Gb  tasks.o [1]
xTaskGetTickCountFromISR
                        0x0002786f     0xa  Code  Gb  tasks.o [1]
xTaskIncrementTick      0x00027889    0xda  Code  Gb  tasks.o [1]
xTaskPriorityDisinherit
                        0x00027e03    0x74  Code  Gb  tasks.o [1]
xTaskPriorityInherit    0x00027d59    0xaa  Code  Gb  tasks.o [1]
xTaskRemoveFromEventList
                        0x00027b0f    0x84  Code  Gb  tasks.o [1]
xTaskResumeAll          0x00027795    0xd0  Code  Gb  tasks.o [1]
xTasksWaitingTermination
                        0x20006844    0x14  Data  Lc  tasks.o [1]
xTickCount              0x200068d0     0x4  Data  Lc  tasks.o [1]
xTimerCreate            0x00028107    0x46  Code  Gb  timers.o [1]
xTimerCreateTimerTask   0x000280d5    0x32  Code  Gb  timers.o [1]
xTimerGenericCommand    0x0002814d    0x50  Code  Gb  timers.o [1]
xTimerIsTimerActive     0x000284c9    0x18  Code  Gb  timers.o [1]
xTimerQueue             0x20006d98     0x4  Data  Lc  timers.o [1]
xTimerTaskHandle        0x20006d9c     0x4  Data  Lc  timers.o [1]
xYieldPending           0x200068e0     0x4  Data  Lc  tasks.o [1]


[1] = C:\Ameya\Projects\BLE_nRF52_Project\Ameya_Personal_Project\nRF5_SDK_13.0.0_04a0bfd\examples\ble_peripheral\ble_app_hrs_freertos\pca10040\s132\iar\_build
[2] = command line
[3] = dl7M_tlf.a
[4] = m7M_tls.a
[5] = rt7M_tl.a

  54 332 bytes of readonly  code memory
     928 bytes of readonly  data memory
  12 139 bytes of readwrite data memory

Errors: none
Warnings: none
