###############################################################################
#
# IAR ELF Linker V7.70.2.11706/W32 for ARM                05/Jul/2020  22:51:26
# Copyright 2007-2016 IAR Systems AB.
#
#    Output file  =  _build/ble_app_hrs_freertos_pca10040_s132.out
#    Map file     =  _build/ble_app_hrs_freertos_pca10040_s132.map
#    Command line =  
#        --silent --redirect _Printf=_PrintfFull --redirect _Scanf=_ScanfFull
#        --entry __iar_program_start --config
#        ble_app_hrs_freertos_iar_nRF5x.icf -f
#        _build/ble_app_hrs_freertos_pca10040_s132.xcl (_build/main.o
#        _build/ADC.o _build/BLE_Advertisement.o _build/BLE_Init.o
#        _build/BLE_Services.o _build/Globals.o _build/Calibration.o
#        _build/boards.o _build/bsp.o _build/bsp_btn_ble.o _build/bsp_nfc.o
#        _build/iar_startup_nrf52.o _build/system_nrf52.o _build/ble_advdata.o
#        _build/ble_advertising.o _build/ble_conn_params.o
#        _build/ble_conn_state.o _build/ble_srv_common.o
#        _build/gatt_cache_manager.o _build/gatts_cache_manager.o
#        _build/id_manager.o _build/nrf_ble_gatt.o _build/peer_data_storage.o
#        _build/peer_database.o _build/peer_id.o _build/peer_manager.o
#        _build/pm_buffer.o _build/pm_mutex.o _build/security_dispatcher.o
#        _build/security_manager.o _build/ble_bas.o _build/ble_dis.o
#        _build/ble_hrs.o _build/nrf_drv_clock.o _build/nrf_drv_common.o
#        _build/nrf_drv_gpiote.o _build/nrf_drv_uart.o _build/nrf_drv_saadc.o
#        _build/nrf_saadc.o _build/app_button.o _build/app_error.o
#        _build/app_error_weak.o _build/app_timer_freertos.o
#        _build/app_util_platform.o _build/crc16.o _build/fds.o
#        _build/fstorage.o _build/hardfault_implementation.o
#        _build/nrf_assert.o _build/nrf_strerror.o _build/sdk_mapped_flags.o
#        _build/sensorsim.o _build/nrf_log_backend_serial.o
#        _build/nrf_log_frontend.o _build/RTT_Syscalls_IAR.o
#        _build/SEGGER_RTT.o _build/SEGGER_RTT_printf.o
#        _build/softdevice_handler.o _build/croutine.o _build/event_groups.o
#        _build/heap_1.o _build/list.o _build/port.o _build/port_cmsis.o
#        _build/port_cmsis_systick.o _build/queue.o _build/tasks.o
#        _build/timers.o) -o _build/ble_app_hrs_freertos_pca10040_s132.out
#        --map _build/ble_app_hrs_freertos_pca10040_s132.map
#        --no_wrap_diagnostics
#
###############################################################################

*******************************************************************************
*** RUNTIME MODEL ATTRIBUTES
***

CppFlavor                     = *
__Heap_Handler                = Basic
__SystemLibrary               = DLib
__dlib_dynamic_initialization = normal


*******************************************************************************
*** PLACEMENT SUMMARY
***

"A0":  place at 0x0001f000 { ro section .intvec };
"P1":  place in [from 0x0001f000 to 0x0007ffff] { ro };
"P2":  place in [from 0x20003fc0 to 0x2000ffff] { rw, block CSTACK, block HEAP };
initialize by copy { rw };
 { section .intvec };

  Section             Kind        Address    Size  Object
  -------             ----        -------    ----  ------
"A0":                                       0x200
  .intvec             ro code  0x0001f000   0x200  iar_startup_nrf52.o [1]
                             - 0x0001f200   0x200

"P1":                                      0xae7c
  .text               ro code  0x0001f200  0x118a  xprintffull.o [3]
  .text               ro code  0x0002038a    0x20  xmbtowc.o [3]
  .text               ro code  0x000203aa    0x1a  xsnprout.o [3]
  .text               ro code  0x000203c4    0x16  strchr.o [5]
  .text               ro code  0x000203da     0x2  iar_startup_nrf52.o [1]
  .text               ro code  0x000203dc    0x36  strlen.o [5]
  .text               ro code  0x00020412     0x2  iar_startup_nrf52.o [1]
  .text               ro code  0x00020414    0x58  memchr.o [5]
  .text               ro code  0x0002046c     0xa  xmbcurmax.o [3]
  .text               ro code  0x00020476     0x2  iar_startup_nrf52.o [1]
  .text               ro code  0x00020478    0xb0  xxmemxmalloc.o [3]
  .text               ro code  0x00020528    0x1a  xwctomb.o [3]
  .text               ro code  0x00020542     0x2  iar_startup_nrf52.o [1]
  .text               ro code  0x00020544    0x76  ABImemcpy_unaligned.o [5]
  .text               ro code  0x000205ba     0x2  iar_startup_nrf52.o [1]
  .text               ro code  0x000205bc    0x80  xxmemxfree.o [3]
  .text               ro code  0x0002063c    0xee  I64DivMod.o [5]
  .text               ro code  0x0002072a    0x44  xdnorm.o [4]
  .text               ro code  0x0002076e     0x2  iar_startup_nrf52.o [1]
  .text               ro code  0x00020770    0x2e  DblCmpLe.o [4]
  .text               ro code  0x0002079e     0x2  iar_startup_nrf52.o [1]
  .text               ro code  0x000207a0    0x2e  DblCmpGe.o [4]
  .text               ro code  0x000207ce     0x2  iar_startup_nrf52.o [1]
  .text               ro code  0x000207d0   0x114  xdscale.o [4]
  .text               ro code  0x000208e4    0x58  DblToI32.o [4]
  .text               ro code  0x0002093c    0x30  I32ToDbl.o [4]
  .text               ro code  0x0002096c   0x180  DblSub.o [4]
  .text               ro code  0x00020aec   0x1a2  DblMul.o [4]
  .text               ro code  0x00020c8e     0x2  iar_startup_nrf52.o [1]
  .text               ro code  0x00020c90   0x256  DblDiv.o [4]
  .text               ro code  0x00020ee6     0x2  iar_startup_nrf52.o [1]
  .text               ro code  0x00020ee8    0x6c  localeconv.o [3]
  .text               ro code  0x00020f54     0xe  div.o [3]
  .text               ro code  0x00020f62     0x2  iar_startup_nrf52.o [1]
  .text               ro code  0x00020f64    0x24  setlocale.o [3]
  .text               ro code  0x00020f88    0x60  xencoding_sb.o [3]
  .text               ro code  0x00020fe8    0x2c  xgetmemchunk.o [3]
  .text               ro code  0x00021014     0x2  I64DivZer.o [5]
  .text               ro code  0x00021016     0x2  iar_startup_nrf52.o [1]
  .text               ro code  0x00021018    0xd4  DblAdd.o [4]
  .text               ro code  0x000210ec     0x2  xtls.o [3]
  .text               ro code  0x000210ee     0x2  iar_startup_nrf52.o [1]
  .text               ro code  0x000210f0   0xcfc  fds.o [1]
  .text               ro code  0x00021dec   0x398  fstorage.o [1]
  .text               ro code  0x00022184     0x6  ABImemclr.o [5]
  .text               ro code  0x0002218a     0x2  iar_startup_nrf52.o [1]
  .text               ro code  0x0002218c     0x6  ABImemclr4.o [5]
  .text               ro code  0x00022192     0x2  iar_startup_nrf52.o [1]
  .text               ro code  0x00022194    0x66  ABImemset.o [5]
  .text               ro code  0x000221fa     0x2  iar_startup_nrf52.o [1]
  .text               ro code  0x000221fc    0x3a  ABImemset48.o [5]
  .text               ro code  0x00022236     0x2  iar_startup_nrf52.o [1]
  .text               ro code  0x00022238   0x808  tasks.o [1]
  .text               ro code  0x00022a40    0x50  heap_1.o [1]
  .text               ro code  0x00022a90    0x90  list.o [1]
  .text               ro code  0x00022b20    0x98  port_cmsis.o [1]
  .text               ro code  0x00022bb8   0x398  timers.o [1]
  .text               ro code  0x00022f50   0x2ac  main.o [1]
  .text               ro code  0x000231fc   0x1f4  port_cmsis_systick.o [1]
  .text               ro code  0x000233f0    0xaa  port.o [1]
  .text               ro code  0x0002349a     0x2  iar_startup_nrf52.o [1]
  .text               ro code  0x0002349c   0x5e0  queue.o [1]
  .text               ro code  0x00023a7c   0x4cc  peer_manager.o [1]
  .text               ro code  0x00023f48   0x102  BLE_Advertisement.o [1]
  .text               ro code  0x0002404a     0x2  iar_startup_nrf52.o [1]
  .text               ro code  0x0002404c    0x22  app_error.o [1]
  .text               ro code  0x0002406e     0x2  iar_startup_nrf52.o [1]
  .text               ro code  0x00024070   0x31c  BLE_Init.o [1]
  .text               ro code  0x0002438c   0x28c  BLE_Services.o [1]
  .text               ro code  0x00024618   0x254  softdevice_handler.o [1]
  .text               ro code  0x0002486c    0xfc  ADC.o [1]
  .text               ro code  0x00024968    0xe4  boards.o [1]
  .text               ro code  0x00024a4c   0x184  nrf_drv_clock.o [1]
  .text               ro code  0x00024bd0   0x168  app_timer_freertos.o [1]
  .text               ro code  0x00024d38   0x2b4  nrf_log_frontend.o [1]
  .text               ro code  0x00024fec   0x436  id_manager.o [1]
  .text               ro code  0x00025422     0x2  iar_startup_nrf52.o [1]
  .text               ro code  0x00025424   0x510  peer_database.o [1]
  .text               ro code  0x00025934   0x1ac  ble_conn_state.o [1]
  .text               ro code  0x00025ae0   0x3cc  security_manager.o [1]
  .text               ro code  0x00025eac   0x3a4  gatt_cache_manager.o [1]
  .text               ro code  0x00026250   0x41a  peer_data_storage.o [1]
  .text               ro code  0x0002666a     0x2  iar_startup_nrf52.o [1]
  .text               ro code  0x0002666c   0x6f4  security_dispatcher.o [1]
  .text               ro code  0x00026d60   0x1f4  gatts_cache_manager.o [1]
  .text               ro code  0x00026f54   0x340  ble_advertising.o [1]
  .text               ro code  0x00027294   0x14c  nrf_strerror.o [1]
  .text               ro code  0x000273e0   0x220  bsp.o [1]
  .text               ro code  0x00027600    0x28  Globals.o [1]
  .text               ro code  0x00027628    0x4c  app_error_weak.o [1]
  .text               ro code  0x00027674   0x1a0  ble_conn_params.o [1]
  .text               ro code  0x00027814   0x3e8  nrf_ble_gatt.o [1]
  .text               ro code  0x00027bfc    0xcc  bsp_btn_ble.o [1]
  .text               ro code  0x00027cc8   0x378  nrf_drv_saadc.o [1]
  .text               ro code  0x00028040    0x30  Calibration.o [1]
  .text               ro code  0x00028070    0x44  nrf_drv_common.o [1]
  .text               ro code  0x000280b4    0x68  app_util_platform.o [1]
  .text               ro code  0x0002811c   0x33c  nrf_log_backend_serial.o [1]
  .text               ro code  0x00028458    0x62  memcmp_unaligned.o [5]
  .text               ro code  0x000284ba    0xf8  pm_buffer.o [1]
  .text               ro code  0x000285b2    0xc6  sdk_mapped_flags.o [1]
  .text               ro code  0x00028678   0x12c  peer_id.o [1]
  .text               ro code  0x000287a4   0x512  ble_advdata.o [1]
  .text               ro code  0x00028cb6     0x2  iar_startup_nrf52.o [1]
  .text               ro code  0x00028cb8    0x18  ble_srv_common.o [1]
  .text               ro code  0x00028cd0    0x58  nrf_saadc.o [1]
  .text               ro code  0x00028d28   0x188  SEGGER_RTT.o [1]
  .text               ro code  0x00028eb0   0x738  nrf_drv_uart.o [1]
  .text               ro code  0x000295e8    0x44  snprintf.o [3]
  .text               ro code  0x0002962c    0x28  isxxx.o [3]
  .text               ro code  0x00029654    0xd8  pm_mutex.o [1]
  .text               ro code  0x0002972c    0x16  xlocale_c.o [3]
  .text               ro code  0x00029742    0x24  xlocale_c.o [3]
  .text               ro code  0x00029766     0x2  iar_startup_nrf52.o [1]
  .rodata             const    0x00029768   0x308  nrf_strerror.o [1]
  .text               ro code  0x00029a70   0x25c  system_nrf52.o [1]
  .text               ro code  0x00029ccc   0x200  nrf_drv_gpiote.o [1]
  .text               ro code  0x00029ecc    0x40  zero_init3.o [5]
  .text               ro code  0x00029f0c    0x38  packbits_init_single.o [5]
  .text               ro code  0x00029f44    0x28  data_init.o [5]
  .text               ro code  0x00029f6c    0x22  fpinit_M.o [4]
  .iar.init_table     const    0x00029f90    0x30  - Linker created -
  .text               ro code  0x00029fc0     0x2  iar_startup_nrf52.o [1]
  .text               ro code  0x00029fc4    0x1a  cmain.o [5]
  .text               ro code  0x00029fde     0x4  low_level_init.o [3]
  .text               ro code  0x00029fe2     0x4  exit.o [3]
  .text               ro code  0x00029fe6     0x2  iar_startup_nrf52.o [1]
  .text               ro code  0x00029fe8     0xa  cexit.o [5]
  .text               ro code  0x00029ff2     0x2  iar_startup_nrf52.o [1]
  .text               ro code  0x00029ff4     0xc  XXexit.o [5]
  .rodata             const    0x0002a000    0x10  app_error_weak.o [1]
  .text               ro code  0x0002a010    0x10  iar_startup_nrf52.o [1]
  .text               ro code  0x0002a020     0xc  cstartup_M.o [5]
  .rodata             const    0x0002a02c     0x8  gatts_cache_manager.o [1]
  .text               ro code  0x0002a034     0x2  iar_startup_nrf52.o [1]
  .text               ro code  0x0002a036     0x2  iar_startup_nrf52.o [1]
  .text               ro code  0x0002a038     0x2  iar_startup_nrf52.o [1]
  .text               ro code  0x0002a03a     0x2  iar_startup_nrf52.o [1]
  .text               ro code  0x0002a03c     0x2  iar_startup_nrf52.o [1]
  .text               ro code  0x0002a03e     0x2  iar_startup_nrf52.o [1]
  .text               ro code  0x0002a040     0x2  iar_startup_nrf52.o [1]
  .text               ro code  0x0002a042     0x2  iar_startup_nrf52.o [1]
  .text               ro code  0x0002a044     0x2  iar_startup_nrf52.o [1]
  .text               ro code  0x0002a046     0x2  iar_startup_nrf52.o [1]
  .text               ro code  0x0002a048     0x2  iar_startup_nrf52.o [1]
  .rodata             const    0x0002a04a     0x0  zero_init3.o [5]
  .rodata             const    0x0002a04a     0x0  packbits_init_single.o [5]
  Initializer bytes   const    0x0002a04a    0x27  <for P2-1>
  Initializer bytes   const    0x0002a071     0xb  <for fs_data-1>
                             - 0x0002a07c  0xae7c

"P2", part 1 of 3:                          0x250
  P2-1                         0x20003fc0   0x23f  <Init block>
    .data             inited   0x20003fc0    0x1c  BLE_Advertisement.o [1]
    .data             inited   0x20003fdc     0x4  system_nrf52.o [1]
    .data             inited   0x20003fe0    0x14  security_manager.o [1]
    .data             inited   0x20003ff4   0x10c  nrf_log_backend_serial.o [1]
    __DLIB_PERTHREAD  inited   0x20004100    0x74  setlocale.o [3]
    __DLIB_PERTHREAD  inited   0x20004174    0x88  localeconv.o [3]
    .data             inited   0x200041fc     0x3  security_dispatcher.o [1]
  fs_data                      0x20004200    0x10  <Block>
    fs_data-1                  0x20004200    0x10  <Init block>
      fs_data         inited   0x20004200    0x10  fds.o [1]
                             - 0x20004210   0x250

"P2", part 2 of 3:                          0xa00
  CSTACK                       0x20004210   0x800  <Block>
    CSTACK            uninit   0x20004210   0x800  <Block tail>
  HEAP                         0x20004a10   0x200  <Block>
    HEAP              uninit   0x20004a10   0x200  <Block tail>
                             - 0x20004c10   0xa00

"P2", part 3 of 3:                         0x72ec
  .bss                zero     0x20004c10  0x6008  heap_1.o [1]
  .bss                zero     0x2000ac18   0x418  nrf_log_frontend.o [1]
  .bss                zero     0x2000b030   0x331  peer_database.o [1]
  .bss                zero     0x2000b361     0x2  peer_data_storage.o [1]
  .bss                zero     0x2000b363     0x1  id_manager.o [1]
  .bss                zero     0x2000b364   0x288  SEGGER_RTT.o [1]
  .bss                zero     0x2000b5ec    0xf0  id_manager.o [1]
  .bss                zero     0x2000b6dc    0xe4  BLE_Init.o [1]
  .bss                zero     0x2000b7c0    0xb8  ble_conn_state.o [1]
  .bss                zero     0x2000b878    0xac  tasks.o [1]
  .bss                zero     0x2000b924    0x7c  bsp.o [1]
  .bss                zero     0x2000b9a0    0x78  fds.o [1]
  .bss                zero     0x2000ba18    0x68  fstorage.o [1]
  .bss                zero     0x2000ba80    0x5c  ble_advertising.o [1]
  .bss                zero     0x2000badc    0x58  nrf_drv_gpiote.o [1]
  .bss                zero     0x2000bb34    0x48  fds.o [1]
  .bss                zero     0x2000bb7c    0x44  tasks.o [1]
  .bss                zero     0x2000bbc0    0x40  ble_conn_params.o [1]
  .bss                zero     0x2000bc00    0x40  peer_id.o [1]
  .bss                zero     0x2000bc40    0x40  security_dispatcher.o [1]
  .bss                zero     0x2000bc80    0x3c  ble_advertising.o [1]
  .bss                zero     0x2000bcbc    0x3c  timers.o [1]
  .bss                zero     0x2000bcf8    0x30  nrf_drv_saadc.o [1]
  .bss                zero     0x2000bd28    0x30  fds.o [1]
  .bss                zero     0x2000bd58    0x24  fds.o [1]
  .bss                zero     0x2000bd7c    0x20  ble_advertising.o [1]
  .bss                zero     0x2000bd9c    0x20  nrf_drv_uart.o [1]
  .bss                zero     0x2000bdbc    0x1c  BLE_Init.o [1]
  .bss                zero     0x2000bdd8    0x1c  ble_advertising.o [1]
  .bss                zero     0x2000bdf4    0x1c  peer_manager.o [1]
  .bss                zero     0x2000be10    0x1c  fds.o [1]
  .bss                zero     0x2000be2c    0x14  main.o [1]
  .bss                zero     0x2000be40    0x14  BLE_Init.o [1]
  .bss                zero     0x2000be54    0x14  nrf_drv_clock.o [1]
  .bss                zero     0x2000be68    0x14  softdevice_handler.o [1]
  .bss                zero     0x2000be7c    0x10  queue.o [1]
  .bss                zero     0x2000be8c     0xc  ADC.o [1]
  .bss                zero     0x2000be98     0xc  app_util_platform.o [1]
  .bss                zero     0x2000bea4     0x8  ADC.o [1]
  .bss                zero     0x2000beac     0x8  bsp_btn_ble.o [1]
  .bss                zero     0x2000beb4     0x8  ble_conn_params.o [1]
  .bss                zero     0x2000bebc     0x8  ble_conn_params.o [1]
  .bss                zero     0x2000bec4     0x8  peer_data_storage.o [1]
  .bss                zero     0x2000becc     0x8  fds.o [1]
  .bss                zero     0x2000bed4     0x8  xxmemxmalloc.o [3]
  .bss                zero     0x2000bedc     0x4  BLE_Init.o [1]
  .bss                zero     0x2000bee0     0x4  gatt_cache_manager.o [1]
  .bss                zero     0x2000bee4     0x4  peer_database.o [1]
  .bss                zero     0x2000bee8     0x4  port_cmsis.o [1]
  .bss                zero     0x2000beec     0x4  port_cmsis_systick.o [1]
  .bss                zero     0x2000bef0     0x4  xgetmemchunk.o [3]
  .bss                zero     0x2000bef4     0x2  gatts_cache_manager.o [1]
  .bss                zero     0x2000bef6     0x2  gatts_cache_manager.o [1]
  .bss                zero     0x2000bef8     0x2  fstorage.o [1]
  .bss                zero     0x2000befa     0x1  fds.o [1]
                             - 0x2000befb  0x72eb


*******************************************************************************
*** INIT TABLE
***

          Address     Size
          -------     ----
Zero (__iar_zero_init3)
    1 destination range, total size 0x72eb:
          0x20004c10  0x72eb

Copy/packbits (__iar_packbits_init_single3)
    1 source range, total size 0x27 (6% of destination):
          0x0002a04a    0x27
    1 destination range, total size 0x23f:
          0x20003fc0   0x23f

Copy/packbits (__iar_packbits_init_single3)
    1 source range, total size 0xb (68% of destination):
          0x0002a071     0xb
    1 destination range, total size 0x10:
          0x20004200    0x10



*******************************************************************************
*** MODULE SUMMARY
***

    Module                    ro code  ro data  rw data
    ------                    -------  -------  -------
C:\Ameya\Projects\BLE_nRF52_Project\Ameya_Personal_Project\nRF5_SDK_13.0.0_04a0bfd\examples\ble_peripheral\ble_app_hrs_freertos\pca10040\s132\iar\_build: [1]
    ADC.o                         252                20
    BLE_Advertisement.o           258        1       28
    BLE_Init.o                    796               280
    BLE_Services.o                652
    Calibration.o                  48
    Globals.o                      40
    SEGGER_RTT.o                  392               648
    app_error.o                    34
    app_error_weak.o               76       16
    app_timer_freertos.o          360
    app_util_platform.o           104                12
    ble_advdata.o               1 298
    ble_advertising.o             832               212
    ble_conn_params.o             416                80
    ble_conn_state.o              428               184
    ble_srv_common.o               24
    boards.o                      228
    bsp.o                         544               124
    bsp_btn_ble.o                 204                 8
    fds.o                       3 324       11      329
    fstorage.o                    920               106
    gatt_cache_manager.o          932                 4
    gatts_cache_manager.o         500        8        4
    heap_1.o                       80            24 584
    iar_startup_nrf52.o           604
    id_manager.o                1 078               241
    list.o                        144
    main.o                        684                20
    nrf_ble_gatt.o              1 000
    nrf_drv_clock.o               388                20
    nrf_drv_common.o               68
    nrf_drv_gpiote.o              512                88
    nrf_drv_saadc.o               888                48
    nrf_drv_uart.o              1 848                32
    nrf_log_backend_serial.o      828       18      268
    nrf_log_frontend.o            692             1 048
    nrf_saadc.o                    88
    nrf_strerror.o                332      776
    peer_data_storage.o         1 050                10
    peer_database.o             1 296               821
    peer_id.o                     300                64
    peer_manager.o              1 228                28
    pm_buffer.o                   248
    pm_mutex.o                    216
    port.o                        170
    port_cmsis.o                  152                 4
    port_cmsis_systick.o          500                 4
    queue.o                     1 504                16
    sdk_mapped_flags.o            198
    security_dispatcher.o       1 780        1       67
    security_manager.o            972        1       20
    softdevice_handler.o          596                20
    system_nrf52.o                604        1        4
    tasks.o                     2 056               240
    timers.o                      920                60
    ---------------------------------------------------
    Total:                     35 686      833   29 746

command line: [2]
    ---------------------------------------------------
    Total:

dl7M_tlf.a: [3]
    div.o                          14
    exit.o                          4
    isxxx.o                        40
    localeconv.o                  108        9      136
    low_level_init.o                4
    setlocale.o                    36        8      116
    snprintf.o                     68
    xencoding_sb.o                 96
    xgetmemchunk.o                 44                 4
    xlocale_c.o                    58
    xmbcurmax.o                    10
    xmbtowc.o                      32
    xprintffull.o               4 490
    xsnprout.o                     26
    xtls.o                          2
    xwctomb.o                      26
    xxmemxfree.o                  128
    xxmemxmalloc.o                176                 8
    ---------------------------------------------------
    Total:                      5 362       17      264

m7M_tls.a: [4]
    DblAdd.o                      212
    DblCmpGe.o                     46
    DblCmpLe.o                     46
    DblDiv.o                      598
    DblMul.o                      418
    DblSub.o                      384
    DblToI32.o                     88
    I32ToDbl.o                     48
    fpinit_M.o                     34
    xdnorm.o                       68
    xdscale.o                     276
    ---------------------------------------------------
    Total:                      2 218

rt7M_tl.a: [5]
    ABImemclr.o                     6
    ABImemclr4.o                    6
    ABImemcpy_unaligned.o         118
    ABImemset.o                   102
    ABImemset48.o                  58
    I64DivMod.o                   238
    I64DivZer.o                     2
    XXexit.o                       12
    cexit.o                        10
    cmain.o                        26
    cstartup_M.o                   12
    data_init.o                    40
    memchr.o                       88
    memcmp_unaligned.o             98
    packbits_init_single.o         56
    strchr.o                       22
    strlen.o                       54
    zero_init3.o                   64
    ---------------------------------------------------
    Total:                      1 012

    Gaps                            2        2
    Linker created                          48    2 560
-------------------------------------------------------
    Grand Total:               44 280      900   32 570


*******************************************************************************
*** ENTRY LIST
***

Entry                      Address    Size  Type      Object
-----                      -------    ----  ----      ------
.iar.init_table$$Base   0x00029f90           --   Gb  - Linker created -
.iar.init_table$$Limit  0x00029fc0           --   Gb  - Linker created -
?main                   0x00029fc5          Code  Gb  cmain.o [5]
CSTACK$$Base            0x20004210           --   Gb  - Linker created -
CSTACK$$Limit           0x20004a10           --   Gb  - Linker created -
Calibrate_Humidity      0x00028055    0x14  Code  Gb  Calibration.o [1]
Calibrate_Temperature   0x00028041    0x14  Code  Gb  Calibration.o [1]
GPIOTE_IRQHandler       0x00029d4d   0x168  Code  Gb  nrf_drv_gpiote.o [1]
HEAP$$Base              0x20004a10           --   Gb  - Linker created -
HEAP$$Limit             0x20004c10           --   Gb  - Linker created -
LoadInt                 0x0001f867    0x6e  Code  Lc  xprintffull.o [3]
NVIC_DisableIRQ         0x00024625     0xa  Code  Lc  softdevice_handler.o [1]
NVIC_EnableIRQ          0x00024619     0xc  Code  Lc  softdevice_handler.o [1]
POWER_CLOCK_IRQHandler  0x00024b45    0x46  Code  Gb  nrf_drv_clock.o [1]
PendSV_Handler          0x0002343d    0x5e  Code  Gb  port.o [1]
RTC1_IRQHandler         0x0002320d    0x72  Code  Gb  port_cmsis_systick.o [1]
Region$$Table$$Base     0x00029f90           --   Gb  - Linker created -
Region$$Table$$Limit    0x00029fc0           --   Gb  - Linker created -
SAADC_IRQHandler        0x00027cc9   0x17a  Code  Gb  nrf_drv_saadc.o [1]
SEGGER_RTT_Init         0x00028e89     0xe  Code  Gb  SEGGER_RTT.o [1]
SEGGER_RTT_WriteNoLock  0x00028e27    0x4e  Code  Gb  SEGGER_RTT.o [1]
SVC_Handler             0x00023419    0x22  Code  Gb  port.o [1]
SWI2_EGU2_IRQHandler    0x000247a9    0x18  Code  Gb  softdevice_handler.o [1]
SystemCoreClock         0x20003fdc     0x4  Data  Gb  system_nrf52.o [1]
SystemInit              0x00029a71   0x20a  Code  Gb  system_nrf52.o [1]
UARTE0_UART0_IRQHandler
                        0x000295b5    0x10  Code  Gb  nrf_drv_uart.o [1]
_DoInit                 0x00028d29    0x56  Code  Lc  SEGGER_RTT.o [1]
_EncodingSb_Mbtowc      0x00020fa3    0x30  Code  Gb  xencoding_sb.o [3]
_EncodingSb_Mbtowc::initial
                        0x00020fe0     0x8  Data  Lc  xencoding_sb.o [3]
_EncodingSb_Wctomb      0x00020f89    0x1a  Code  Gb  xencoding_sb.o [3]
_EncodingSb_Wctomb::initial
                        0x00020fd8     0x8  Data  Lc  xencoding_sb.o [3]
_GenldFull              0x000200ed   0x254  Code  Lc  xprintffull.o [3]
_GetAvailWriteSpace     0x00028e0f    0x18  Code  Lc  SEGGER_RTT.o [1]
_IsdstStr               0x20004104     0x4  Data  Gb  setlocale.o [3]
_LdtobFull              0x0001fced   0x3fa  Code  Lc  xprintffull.o [3]
_LitobFull              0x0001fbe1   0x10a  Code  Lc  xprintffull.o [3]
_LocaleC_isalpha        0x0002972d    0x16  Code  Gb  xlocale_c.o [3]
_LocaleC_ispunct        0x00029743    0x24  Code  Gb  xlocale_c.o [3]
_LocaleEncoding         0x00020f77     0xe  Code  Gb  setlocale.o [3]
_LocaleForCat           0x00020f65    0x12  Code  Gb  setlocale.o [3]
_LocaleReturnString     0x20004124    0x50  Data  Lc  setlocale.o [3]
_Locale_Profile         0x20004108    0x1c  Data  Gb  setlocale.o [3]
_Locale_aeabi_lconv     0x200041c4    0x38  Data  Gb  localeconv.o [3]
_Locale_lconv           0x20004174    0x50  Data  Gb  localeconv.o [3]
_Mbtowc                 0x0002038b    0x20  Code  Gb  xmbtowc.o [3]
_PrintfFull             0x0001f201   0x650  Code  Gb  xprintffull.o [3]
_PutcharsFull           0x00020341    0x2e  Code  Lc  xprintffull.o [3]
_PutstrFull             0x0001f8d5   0x306  Code  Lc  xprintffull.o [3]
_SEGGER_RTT             0x2000b364    0x78  Data  Gb  SEGGER_RTT.o [1]
_SNProut                0x000203ab    0x1a  Code  Gb  xsnprout.o [3]
_TzoneStr               0x20004100     0x4  Data  Gb  setlocale.o [3]
_Wctomb                 0x00020529    0x1a  Code  Gb  xwctomb.o [3]
_WriteBlocking          0x00028d7f    0x54  Code  Lc  SEGGER_RTT.o [1]
_WriteNoCheck           0x00028dd3    0x3c  Code  Lc  SEGGER_RTT.o [1]
__ICFEDIT_region_RAM_end__ {Abs}
                        0x2000ffff          Data  Gb  command line/config [2]
__ICFEDIT_region_RAM_start__ {Abs}
                        0x20003fc0          Data  Gb  command line/config [2]
__Vectors               0x0001f000           --   Gb  iar_startup_nrf52.o [1]
__Vectors_End           0x0001f200          Data  Gb  iar_startup_nrf52.o [1]
__Vectors_Size {Abs}    0x00000200           --   Gb  iar_startup_nrf52.o [1]
__aeabi_cdcmple         0x00020771          Code  Gb  DblCmpLe.o [4]
__aeabi_cdrcmple        0x000207a1          Code  Gb  DblCmpGe.o [4]
__aeabi_d2iz            0x000208e5          Code  Gb  DblToI32.o [4]
__aeabi_d2uiz           0x00020911          Code  Gb  DblToI32.o [4]
__aeabi_ddiv            0x00020c91          Code  Gb  DblDiv.o [4]
__aeabi_dmul            0x00020aed          Code  Gb  DblMul.o [4]
__aeabi_dsub            0x0002096d          Code  Gb  DblSub.o [4]
__aeabi_i2d             0x0002093d          Code  Gb  I32ToDbl.o [4]
__aeabi_ldiv0           0x00021015          Code  Gb  I64DivZer.o [5]
__aeabi_memclr          0x00022185          Code  Gb  ABImemclr.o [5]
__aeabi_memclr4         0x0002218d          Code  Gb  ABImemclr4.o [5]
__aeabi_memset          0x00022195          Code  Gb  ABImemset.o [5]
__aeabi_memset4         0x000221fd          Code  Gb  ABImemset48.o [5]
__aeabi_memset8         0x000221fd          Code  Gb  ABImemset48.o [5]
__aeabi_ui2d            0x00020951          Code  Gb  I32ToDbl.o [4]
__aeabi_uldivmod        0x0002063d          Code  Gb  I64DivMod.o [5]
__cmain                 0x00029fc5          Code  Gb  cmain.o [5]
__data_Aldata           0x2000bed4     0x8  Data  Gb  xxmemxmalloc.o [3]
__data_GetMemChunk      0x00020fe9    0x2c  Code  Gb  xgetmemchunk.o [3]
__data_GetMemChunk::start
                        0x2000bef0     0x4  Data  Lc  xgetmemchunk.o [3]
__exit                  0x00029ff5          Code  Gb  XXexit.o [5]
__iar_Dnorm             0x0002072b    0x44  Code  Gb  xdnorm.o [4]
__iar_Dscale            0x000207d1   0x114  Code  Gb  xdscale.o [4]
__iar_Locale_lconv_init
                        0x00020ee9    0x3a  Code  Gb  localeconv.o [3]
__iar_Mbcurmax          0x0002046d     0xa  Code  Gb  xmbcurmax.o [3]
__iar_Memchr            0x00020415          Code  Gb  memchr.o [5]
__iar_Memset            0x00022195          Code  Gb  ABImemset.o [5]
__iar_Memset4_word      0x00022205          Code  Gb  ABImemset48.o [5]
__iar_Memset8_word      0x00022205          Code  Gb  ABImemset48.o [5]
__iar_Memset_word       0x0002219d          Code  Gb  ABImemset.o [5]
__iar_Strchr            0x000203c5          Code  Gb  strchr.o [5]
__iar_d2uiz             0x0002091d          Code  Gb  DblToI32.o [4]
__iar_dadd              0x00021019          Code  Gb  DblAdd.o [4]
__iar_data_init3        0x00029f45    0x28  Code  Gb  data_init.o [5]
__iar_dlib_perthread_access
                        0x000210ed     0x2  Code  Gb  xtls.o [3]
__iar_dsub              0x00020981          Code  Gb  DblSub.o [4]
__iar_dsubStart         0x00020993          Code  Gb  DblSub.o [4]
__iar_init_vfp          0x00029f6d          Code  Gb  fpinit_M.o [4]
__iar_packbits_init_single3
                        0x00029f0d    0x38  Code  Gb  packbits_init_single.o [5]
__iar_program_start     0x0002a021          Code  Gb  cstartup_M.o [5]
__iar_ui2d              0x00020955          Code  Gb  I32ToDbl.o [4]
__iar_unaligned___aeabi_memcpy
                        0x00020545          Code  Gb  ABImemcpy_unaligned.o [5]
__iar_unaligned___aeabi_memcpy4
                        0x00020565          Code  Gb  ABImemcpy_unaligned.o [5]
__iar_unaligned___aeabi_memcpy8
                        0x00020565          Code  Gb  ABImemcpy_unaligned.o [5]
__iar_unaligned_memcmp  0x00028459          Code  Gb  memcmp_unaligned.o [5]
__iar_zero_init3        0x00029ecd    0x40  Code  Gb  zero_init3.o [5]
__low_level_init        0x00029fdf     0x4  Code  Gb  low_level_init.o [3]
__sd_nvic_app_accessible_irq
                        0x00024637    0x26  Code  Lc  softdevice_handler.o [1]
__vector_table          0x0001f000          Data  Gb  iar_startup_nrf52.o [1]
_acDownBuffer           0x2000b5dc    0x10  Data  Lc  SEGGER_RTT.o [1]
_acUpBuffer             0x2000b3dc   0x200  Data  Lc  SEGGER_RTT.o [1]
_call_main              0x00029fd1          Code  Gb  cmain.o [5]
_exit                   0x00029fe9          Code  Gb  cexit.o [5]
_main                   0x00029fdb          Code  Gb  cmain.o [5]
adc_sampling_thread     0x00023089    0x42  Code  Lc  main.o [1]
addr_compare            0x000250c5    0x2c  Code  Gb  id_manager.o [1]
adv_data_encode         0x00028aed   0x144  Code  Gb  ble_advdata.o [1]
advertising_buttons_configure
                        0x00027bfd    0x2e  Code  Lc  bsp_btn_ble.o [1]
advertising_init        0x00023f49    0xc2  Code  Gb  BLE_Advertisement.o [1]
advertising_start       0x0002402d    0x16  Code  Gb  BLE_Advertisement.o [1]
ah                      0x00025391    0x50  Code  Gb  id_manager.o [1]
air_quality_characteristic_add
                        0x00024515    0x3e  Code  Lc  BLE_Services.o [1]
air_quality_characteristic_update
                        0x000245b5    0x16  Code  Lc  BLE_Services.o [1]
app_error_fault_handler
                        0x00027629    0x4c  Code  Wk  app_error_weak.o [1]
app_error_handler_bare  0x0002404d    0x14  Code  Gb  app_error.o [1]
app_timer_callback      0x00024bd1    0x18  Code  Lc  app_timer_freertos.o [1]
app_timer_create        0x00024bed    0x50  Code  Gb  app_timer_freertos.o [1]
app_timer_init          0x00024be9     0x4  Code  Gb  app_timer_freertos.o [1]
app_timer_start         0x00024c3d    0x90  Code  Gb  app_timer_freertos.o [1]
app_timer_stop          0x00024ccd    0x46  Code  Gb  app_timer_freertos.o [1]
app_util_critical_region_enter
                        0x000280b5    0x36  Code  Gb  app_util_platform.o [1]
app_util_critical_region_exit
                        0x000280eb    0x22  Code  Gb  app_util_platform.o [1]
apply_config            0x00028f69    0xb4  Code  Lc  nrf_drv_uart.o [1]
auth_status_success_process
                        0x000267c7    0xa6  Code  Lc  security_dispatcher.o [1]
ble_advdata_set         0x00028c55    0x62  Code  Gb  ble_advdata.o [1]
ble_advertising_conn_cfg_tag_set
                        0x00026f55     0x8  Code  Gb  ble_advertising.o [1]
ble_advertising_init    0x00026f5d    0xfc  Code  Gb  ble_advertising.o [1]
ble_advertising_on_ble_evt
                        0x00027203    0x56  Code  Gb  ble_advertising.o [1]
ble_advertising_on_sys_evt
                        0x00027259    0x26  Code  Gb  ble_advertising.o [1]
ble_advertising_start   0x00027059   0x19a  Code  Gb  ble_advertising.o [1]
ble_conn_params_init    0x000276df    0x4c  Code  Gb  ble_conn_params.o [1]
ble_conn_params_on_ble_evt
                        0x00027781    0x78  Code  Gb  ble_conn_params.o [1]
ble_conn_state_conn_handles
                        0x00025a59     0x6  Code  Gb  ble_conn_state.o [1]
ble_conn_state_encrypted
                        0x00025a47     0x4  Code  Gb  ble_conn_state.o [1]
ble_conn_state_mitm_protected
                        0x00025a53     0x6  Code  Gb  ble_conn_state.o [1]
ble_conn_state_on_ble_evt
                        0x00025935    0xe4  Code  Gb  ble_conn_state.o [1]
ble_conn_state_role     0x00025a19    0x20  Code  Gb  ble_conn_state.o [1]
ble_conn_state_user_flag_acquire
                        0x00025a65    0x24  Code  Gb  ble_conn_state.o [1]
ble_conn_state_user_flag_collection
                        0x00025ac5    0x16  Code  Gb  ble_conn_state.o [1]
ble_conn_state_user_flag_get
                        0x00025a89    0x18  Code  Gb  ble_conn_state.o [1]
ble_conn_state_user_flag_set
                        0x00025aa1    0x24  Code  Gb  ble_conn_state.o [1]
ble_device_addr_encode  0x000287af    0x5a  Code  Lc  ble_advdata.o [1]
ble_evt_dispatch        0x00024189    0x32  Code  Lc  BLE_Init.o [1]
ble_init_err_code       0x2000b6dc     0x4  Data  Gb  BLE_Init.o [1]
ble_new_event_handler   0x00024071    0x2a  Code  Lc  BLE_Init.o [1]
ble_srv_is_notification_enabled
                        0x00028cc3     0x8  Code  Gb  ble_srv_common.o [1]
ble_stack_init          0x0002409b    0xdc  Code  Gb  BLE_Init.o [1]
ble_stack_init{2}{3}::BLE_EVT_BUFFER
                        0x2000b6e8    0xd8  Data  Lc  BLE_Init.o [1]
ble_stack_thread        0x00022fb5    0x98  Code  Lc  main.o [1]
bsp_board_button_idx_to_pin
                        0x00024a3b     0x8  Code  Gb  boards.o [1]
bsp_board_led_invert    0x000249d7    0x1c  Code  Gb  boards.o [1]
bsp_board_led_off       0x000249a9     0xa  Code  Gb  boards.o [1]
bsp_board_led_on        0x0002499f     0xa  Code  Gb  boards.o [1]
bsp_board_led_state_get
                        0x00024997     0x8  Code  Gb  boards.o [1]
bsp_board_leds_init     0x00024a01    0x28  Code  Gb  boards.o [1]
bsp_board_leds_off      0x000249b3    0x12  Code  Gb  boards.o [1]
bsp_board_leds_on       0x000249c5    0x12  Code  Gb  boards.o [1]
bsp_btn_ble_on_ble_evt  0x00027c4b    0x68  Code  Gb  bsp_btn_ble.o [1]
bsp_btn_ble_sleep_mode_prepare
                        0x00027c2b    0x20  Code  Gb  bsp_btn_ble.o [1]
bsp_button_event_handler::current_long_push_pin_no
                        0x2000b933     0x1  Data  Lc  bsp.o [1]
bsp_button_event_handler::release_event_at_push
                        0x2000b934     0x4  Data  Lc  bsp.o [1]
bsp_event_to_button_action_assign
                        0x000275af    0x38  Code  Gb  bsp.o [1]
bsp_indication_set      0x0002759b    0x14  Code  Gb  bsp.o [1]
bsp_led_indication      0x00027429   0x160  Code  Lc  bsp.o [1]
bsp_wakeup_button_enable
                        0x000275ed     0xa  Code  Gb  bsp.o [1]
buf_len_update          0x000281e5    0x12  Code  Lc  nrf_log_backend_serial.o [1]
buf_prealloc            0x00024d7b    0x5e  Code  Lc  nrf_log_frontend.o [1]
buffer_is_empty         0x00024ea3    0x12  Code  Gb  nrf_log_frontend.o [1]
characteristic_update   0x000243cf    0x1e  Code  Gb  BLE_Services.o [1]
check_config            0x00021e3d    0x1a  Code  Lc  fstorage.o [1]
chunk_queue_next        0x000213b1    0x18  Code  Gb  fds.o [1]
claim                   0x0002869f    0x36  Code  Lc  peer_id.o [1]
clock_clk_started_notify
                        0x00024b21    0x24  Code  Lc  nrf_drv_clock.o [1]
conn_int_encode         0x0002897d    0x7e  Code  Lc  ble_advdata.o [1]
conn_params_error_handler
                        0x00024379     0x4  Code  Lc  BLE_Init.o [1]
conn_params_init        0x00024319    0x48  Code  Gb  BLE_Init.o [1]
conn_params_negotiation
                        0x0002772b    0x4e  Code  Lc  ble_conn_params.o [1]
display_thread          0x0002304d    0x3c  Code  Lc  main.o [1]
div                     0x00020f55     0xe  Code  Gb  div.o [3]
eTaskConfirmSleepModeStatus
                        0x000227c1    0x28  Code  Gb  tasks.o [1]
encryption_failure      0x0002686d    0x2a  Code  Lc  security_dispatcher.o [1]
err_ble_advt_code       0x20003fcc     0x4  Data  Gb  BLE_Advertisement.o [1]
err_msg                 0x2000b6e4     0x4  Data  Gb  BLE_Init.o [1]
err_msg_advt            0x20003fd0     0x4  Data  Gb  BLE_Advertisement.o [1]
event_send              0x00021119    0x20  Code  Lc  fds.o [1]
events_send_from_err_code
                        0x00025b37    0x36  Code  Lc  security_manager.o [1]
evt_send                0x00025ead     0x4  Code  Lc  gatt_cache_manager.o [1]
evt_send                0x00024fed    0x12  Code  Lc  id_manager.o [1]
evt_send                0x00023a7d    0x20  Code  Lc  peer_manager.o [1]
evt_send                0x0002666d    0x12  Code  Lc  security_dispatcher.o [1]
evt_send                0x00025ae1     0x4  Code  Lc  security_manager.o [1]
exit                    0x00029fe3     0x4  Code  Gb  exit.o [3]
fds_evt_handler         0x00022fb3     0x2  Code  Lc  main.o [1]
fds_evt_handler         0x00026349    0xe8  Code  Lc  peer_data_storage.o [1]
fds_file_delete         0x00021cff    0x40  Code  Gb  fds.o [1]
fds_gc                  0x00021d49    0x32  Code  Gb  fds.o [1]
fds_init                0x00021b75    0x7a  Code  Gb  fds.o [1]
fds_record_close        0x00021c31    0x3c  Code  Gb  fds.o [1]
fds_record_find         0x00021d89     0xe  Code  Gb  fds.o [1]
fds_record_find_by_key  0x00021d97     0xc  Code  Gb  fds.o [1]
fds_record_find_in_file
                        0x00021da3     0xa  Code  Gb  fds.o [1]
fds_record_id_from_desc
                        0x00021db3    0x14  Code  Gb  fds.o [1]
fds_record_open         0x00021bf5    0x3c  Code  Gb  fds.o [1]
fds_record_update       0x00021ceb     0x8  Code  Gb  fds.o [1]
fds_record_write        0x00021cd9     0x4  Code  Gb  fds.o [1]
fds_record_write_reserved
                        0x00021cdd     0xe  Code  Gb  fds.o [1]
fds_register            0x00021b59    0x1a  Code  Gb  fds.o [1]
fds_reserve             0x00021c6d    0x2a  Code  Gb  fds.o [1]
fds_reserve_cancel      0x00021c97    0x38  Code  Gb  fds.o [1]
file_find_and_delete::tok
                        0x2000becc     0x8  Data  Lc  fds.o [1]
file_id_within_pm_range
                        0x00026255    0x16  Code  Lc  peer_data_storage.o [1]
flag_clear              0x000210fd     0xe  Code  Lc  fds.o [1]
flag_id_init            0x0002693d    0x12  Code  Lc  security_dispatcher.o [1]
flag_id_init            0x00025d8f    0x12  Code  Lc  security_manager.o [1]
flag_is_set             0x0002110b     0xe  Code  Lc  fds.o [1]
flag_set                0x000210f1     0xc  Code  Lc  fds.o [1]
flags_set_from_err_code
                        0x00025ae5    0x52  Code  Lc  security_manager.o [1]
free                    0x000205bd    0x7a  Code  Gb  xxmemxfree.o [3]
fs_config               0x20004200    0x10  Data  Gb  fds.o [1]
fs_data$$Base           0x20004200           --   Gb  - Linker created -
fs_data$$Limit          0x20004210           --   Gb  - Linker created -
fs_erase                0x00022043    0x66  Code  Gb  fstorage.o [1]
fs_event_handler        0x00021a53     0x4  Code  Lc  fds.o [1]
fs_init                 0x00021f27    0xa2  Code  Gb  fstorage.o [1]
fs_queued_op_count_get  0x000220c1    0x10  Code  Gb  fstorage.o [1]
fs_store                0x00021fc9    0x7a  Code  Gb  fstorage.o [1]
fs_sys_event_handler    0x000220d1    0x98  Code  Gb  fstorage.o [1]
g_return_val            0x2000be30     0x4  Data  Gb  main.o [1]
gap_params_init         0x000241cf    0x76  Code  Gb  BLE_Init.o [1]
gatt_evt_handler        0x0002426d     0x2  Code  Lc  BLE_Init.o [1]
gatt_init               0x00024245    0x28  Code  Gb  BLE_Init.o [1]
gc_execute              0x00021805    0x96  Code  Lc  fds.o [1]
gc_page_erase           0x00021543    0x3e  Code  Lc  fds.o [1]
gc_record_copy          0x00021581    0x22  Code  Lc  fds.o [1]
gc_record_find_next     0x000215a3    0x1c  Code  Lc  fds.o [1]
gc_state_advance        0x000215c1    0x74  Code  Lc  fds.o [1]
gcm_ble_evt_handler     0x0002612b    0xca  Code  Gb  gatt_cache_manager.o [1]
gcm_gscm_evt_handler    0x00025f8b    0x60  Code  Gb  gatt_cache_manager.o [1]
gcm_im_evt_handler      0x00025fef    0x2a  Code  Gb  gatt_cache_manager.o [1]
gcm_init                0x00026027    0x3a  Code  Gb  gatt_cache_manager.o [1]
gcm_local_database_has_changed
                        0x00026205    0x46  Code  Gb  gatt_cache_manager.o [1]
gcm_smd_evt_handler     0x00026019     0xe  Code  Gb  gatt_cache_manager.o [1]
get_cal_humidity        0x0002492f     0xe  Code  Gb  ADC.o [1]
get_cal_temperature     0x00024921     0xe  Code  Gb  ADC.o [1]
get_connection_by_conn_handle
                        0x00025029    0x32  Code  Gb  id_manager.o [1]
get_free_connection     0x00024fff    0x2a  Code  Gb  id_manager.o [1]
get_raw_air_quality     0x0002491b     0x6  Code  Gb  ADC.o [1]
get_raw_humidity        0x00024915     0x6  Code  Gb  ADC.o [1]
get_raw_temperature     0x0002490f     0x6  Code  Gb  ADC.o [1]
gscm_db_change_notification_done
                        0x00026f29    0x1a  Code  Gb  gatts_cache_manager.o [1]
gscm_db_change_notification_done::service_changed_pending
                        0x0002a030     0x4  Data  Lc  gatts_cache_manager.o [1]
gscm_init               0x00026ddb     0xc  Code  Gb  gatts_cache_manager.o [1]
gscm_local_database_has_changed
                        0x00026ecf    0x14  Code  Gb  gatts_cache_manager.o [1]
gscm_local_db_cache_apply
                        0x00026e65    0x6a  Code  Gb  gatts_cache_manager.o [1]
gscm_local_db_cache_update
                        0x00026de7    0x7e  Code  Gb  gatts_cache_manager.o [1]
gscm_pdb_evt_handler    0x00026d95    0x46  Code  Gb  gatts_cache_manager.o [1]
gscm_service_changed_ind_needed
                        0x00026ee3    0x1c  Code  Gb  gatts_cache_manager.o [1]
gscm_service_changed_ind_send
                        0x00026eff    0x22  Code  Gb  gatts_cache_manager.o [1]
gscm_service_changed_ind_send::start_handle
                        0x2000bef6     0x2  Data  Lc  gatts_cache_manager.o [1]
header_is_valid         0x00021139    0x18  Code  Lc  fds.o [1]
humidity_characteristic_add
                        0x0002442d    0x3c  Code  Lc  BLE_Services.o [1]
humidity_characteristic_update
                        0x00024569    0x16  Code  Lc  BLE_Services.o [1]
im_address_resolve      0x000253e1    0x42  Code  Gb  id_manager.o [1]
im_ble_addr_get         0x00025279    0x28  Code  Gb  id_manager.o [1]
im_ble_evt_handler      0x000250f1    0x9a  Code  Gb  id_manager.o [1]
im_conn_handle_get      0x0002530d    0x22  Code  Gb  id_manager.o [1]
im_init                 0x0002522f    0x30  Code  Gb  id_manager.o [1]
im_is_duplicate_bonding_data
                        0x00025195    0x2e  Code  Gb  id_manager.o [1]
im_master_id_is_valid   0x0002532f    0x18  Code  Gb  id_manager.o [1]
im_master_ids_compare   0x000252a1    0x2a  Code  Gb  id_manager.o [1]
im_new_peer_id          0x0002535d     0x2  Code  Gb  id_manager.o [1]
im_pdb_evt_handler      0x000251c3    0x6c  Code  Gb  id_manager.o [1]
im_peer_free            0x0002535f    0x28  Code  Gb  id_manager.o [1]
im_peer_id_get_by_conn_handle
                        0x0002525f    0x1a  Code  Gb  id_manager.o [1]
im_peer_id_get_by_master_id
                        0x000252cb    0x42  Code  Gb  id_manager.o [1]
init_execute            0x00021635    0xa4  Code  Lc  fds.o [1]
intern_softdevice_events_execute
                        0x000246c7    0x6e  Code  Gb  softdevice_handler.o [1]
interrupts_disable      0x0002908b    0x26  Code  Lc  nrf_drv_uart.o [1]
interrupts_enable       0x00029037    0x54  Code  Lc  nrf_drv_uart.o [1]
is_conn_params_ok       0x00027675    0x18  Code  Lc  ble_conn_params.o [1]
is_valid_irk            0x000250b1    0x14  Code  Gb  id_manager.o [1]
isalpha                 0x0002962d    0x14  Code  Gb  isxxx.o [3]
ispunct                 0x00029641    0x14  Code  Gb  isxxx.o [3]
item_enqueue            0x00024aa9    0x16  Code  Lc  nrf_drv_clock.o [1]
leds_off                0x00027403    0x26  Code  Lc  bsp.o [1]
link_init               0x00027815    0x18  Code  Lc  nrf_ble_gatt.o [1]
link_secure             0x00025b6d    0x7c  Code  Lc  security_manager.o [1]
link_secure_central     0x00026b4d    0xc8  Code  Lc  security_dispatcher.o [1]
link_secure_central_existing_peer
                        0x00026a83    0xca  Code  Lc  security_dispatcher.o [1]
link_secure_failure     0x0002689b    0xa2  Code  Lc  security_dispatcher.o [1]
link_secure_pending_process
                        0x00025cdb    0x4c  Code  Lc  security_manager.o [1]
local_db_apply_in_evt   0x00025eb1    0x5c  Code  Lc  gatt_cache_manager.o [1]
local_db_update_in_evt  0x00025f0d    0x5e  Code  Lc  gatt_cache_manager.o [1]
localeconv              0x00020f23    0x16  Code  Gb  localeconv.o [3]
lock_by_mask            0x00029655    0x32  Code  Lc  pm_mutex.o [1]
m_adc_evt_counter       0x2000be94     0x4  Data  Lc  ADC.o [1]
m_adc_samples_queue     0x2000be2c     0x4  Data  Lc  main.o [1]
m_adc_thread            0x2000be38     0x4  Data  Lc  main.o [1]
m_adv_evt               0x2000bde2     0x1  Data  Lc  ble_advertising.o [1]
m_adv_mode_current      0x2000bde3     0x1  Data  Lc  ble_advertising.o [1]
m_adv_modes_config      0x2000bd7c    0x20  Data  Lc  ble_advertising.o [1]
m_adv_uuids             0x20003fd8     0x4  Data  Lc  BLE_Advertisement.o [1]
m_advdata               0x2000bc80    0x3c  Data  Lc  ble_advertising.o [1]
m_advertising_start_pending
                        0x2000bde1     0x1  Data  Lc  ble_advertising.o [1]
m_alert_on              0x2000b932     0x1  Data  Lc  bsp.o [1]
m_alert_timer_id_data   0x2000b960    0x20  Data  Lc  bsp.o [1]
m_bcs                   0x2000b7c0    0xb8  Data  Lc  ble_conn_state.o [1]
m_ble_event_ready       0x2000bedc     0x4  Data  Gb  BLE_Init.o [1]
m_ble_evt_buffer_size   0x2000be6a     0x2  Data  Lc  softdevice_handler.o [1]
m_ble_evt_handler       0x2000be78     0x4  Data  Lc  softdevice_handler.o [1]
m_ble_stack_thread      0x2000be34     0x4  Data  Lc  main.o [1]
m_blocking_mode         0x20003ff5     0x1  Data  Lc  nrf_log_backend_serial.o [1]
m_board_btn_list        0x00024a48     0x4  Data  Lc  boards.o [1]
m_board_led_list        0x00024a44     0x4  Data  Lc  boards.o [1]
m_bonding_flag_id       0x2000bdf9     0x1  Data  Lc  peer_manager.o [1]
m_buffer_pool           0x2000bea4     0x8  Data  Lc  ADC.o [1]
m_button_timer_id_data  0x2000b980    0x20  Data  Lc  bsp.o [1]
m_cb                    0x2000badc    0x58  Data  Lc  nrf_drv_gpiote.o [1]
m_cb                    0x2000bd9c    0x20  Data  Lc  nrf_drv_uart.o [1]
m_cb                    0x2000bcf8    0x30  Data  Lc  nrf_drv_saadc.o [1]
m_cb_table              0x2000bd5c    0x20  Data  Lc  fds.o [1]
m_change_param          0x2000bbdd     0x1  Data  Lc  ble_conn_params.o [1]
m_chunk_queue           0x2000bb34    0x48  Data  Lc  fds.o [1]
m_clock_cb              0x2000be54    0x14  Data  Lc  nrf_drv_clock.o [1]
m_conn_cfg_tag          0x2000bde4     0x1  Data  Lc  ble_advertising.o [1]
m_conn_handle           0x2000bbde     0x2  Data  Lc  ble_conn_params.o [1]
m_conn_params_config    0x2000bbc0    0x1c  Data  Lc  ble_conn_params.o [1]
m_conn_params_timer_id  0x00027810     0x4  Data  Lc  ble_conn_params.o [1]
m_conn_params_timer_id_data
                        0x2000bbe0    0x20  Data  Lc  ble_conn_params.o [1]
m_conn_state_user_flag_id
                        0x2000b363     0x1  Data  Lc  id_manager.o [1]
m_connections           0x2000b5ec    0xf0  Data  Lc  id_manager.o [1]
m_current_conn_params   0x2000bebc     0x8  Data  Lc  ble_conn_params.o [1]
m_current_highest_peer_rank
                        0x2000be00     0x4  Data  Lc  peer_manager.o [1]
m_current_sc_store_peer_id
                        0x2000bef4     0x2  Data  Lc  gatts_cache_manager.o [1]
m_current_slave_link_conn_handle
                        0x2000bdea     0x2  Data  Lc  ble_advertising.o [1]
m_default_config        0x0002803c     0x4  Data  Lc  nrf_drv_saadc.o [1]
m_deleting_all          0x2000bdf6     0x1  Data  Lc  peer_manager.o [1]
m_display_thread        0x2000be3c     0x4  Data  Lc  main.o [1]
m_error_handler         0x2000beac     0x4  Data  Lc  bsp_btn_ble.o [1]
m_error_handler         0x2000bdf0     0x4  Data  Lc  ble_advertising.o [1]
m_events_list           0x2000b924     0xc  Data  Lc  bsp.o [1]
m_evt_handler           0x2000bdec     0x4  Data  Lc  ble_advertising.o [1]
m_evt_handlers          0x00025900    0x14  Data  Lc  peer_database.o [1]
m_evt_handlers          0x2000be04     0xc  Data  Lc  peer_manager.o [1]
m_evt_schedule_func     0x2000be6c     0x4  Data  Lc  softdevice_handler.o [1]
m_fds_ftok              0x2000bec4     0x8  Data  Lc  peer_data_storage.o [1]
m_fds_tl_dirty          0x00021de8     0x4  Data  Lc  fds.o [1]
m_flag_link_secure_force_repairing
                        0x20003feb     0x1  Data  Lc  security_manager.o [1]
m_flag_link_secure_null_params
                        0x20003fec     0x1  Data  Lc  security_manager.o [1]
m_flag_link_secure_pending_busy
                        0x20003fe9     0x1  Data  Lc  security_manager.o [1]
m_flag_link_secure_pending_flash_full
                        0x20003fea     0x1  Data  Lc  security_manager.o [1]
m_flag_local_db_apply_pending
                        0x2000bee1     0x1  Data  Lc  gatt_cache_manager.o [1]
m_flag_local_db_update_pending
                        0x2000bee0     0x1  Data  Lc  gatt_cache_manager.o [1]
m_flag_params_reply_pending_busy
                        0x20003fed     0x1  Data  Lc  security_manager.o [1]
m_flag_params_reply_pending_flash_full
                        0x20003fee     0x1  Data  Lc  security_manager.o [1]
m_flag_reject_pairing   0x20003fef     0x1  Data  Lc  security_manager.o [1]
m_flag_sec_proc         0x200041fc     0x1  Data  Lc  security_dispatcher.o [1]
m_flag_sec_proc_new_peer
                        0x200041fe     0x1  Data  Lc  security_dispatcher.o [1]
m_flag_sec_proc_pairing
                        0x200041fd     0x1  Data  Lc  security_dispatcher.o [1]
m_flag_service_changed_pending
                        0x2000bee2     0x1  Data  Lc  gatt_cache_manager.o [1]
m_flag_service_changed_sent
                        0x2000bee3     0x1  Data  Lc  gatt_cache_manager.o [1]
m_flags                 0x2000befa     0x1  Data  Lc  fds.o [1]
m_flags                 0x2000bef8     0x1  Data  Lc  fstorage.o [1]
m_gatt                  0x2000be40    0x14  Data  Lc  BLE_Init.o [1]
m_gc                    0x2000be10    0x10  Data  Lc  fds.o [1]
m_highest_ranked_peer   0x2000bdfa     0x2  Data  Lc  peer_manager.o [1]
m_indication_type       0x2000b938     0x4  Data  Lc  bsp.o [1]
m_initialized           0x2000bde0     0x1  Data  Lc  ble_advertising.o [1]
m_initialized           0x20003ff4     0x1  Data  Lc  nrf_log_backend_serial.o [1]
m_latest_rec_id         0x2000be28     0x4  Data  Lc  fds.o [1]
m_leds_clear            0x2000b931     0x1  Data  Lc  bsp.o [1]
m_leds_timer_id_data    0x2000b940    0x20  Data  Lc  bsp.o [1]
m_log_data              0x2000ac18   0x418  Data  Lc  nrf_log_frontend.o [1]
m_manuf_data_array      0x2000ba80    0x20  Data  Lc  ble_advertising.o [1]
m_manuf_specific_data   0x2000bac0     0xc  Data  Lc  ble_advertising.o [1]
m_module_initialized    0x2000bdf4     0x1  Data  Lc  peer_manager.o [1]
m_n_registrants         0x2000bdf7     0x1  Data  Lc  peer_manager.o [1]
m_n_writes              0x2000bee4     0x4  Data  Lc  peer_database.o [1]
m_num_connections       0x2000beb0     0x4  Data  Lc  bsp_btn_ble.o [1]
m_op_queue              0x2000b9a0    0x78  Data  Lc  fds.o [1]
m_p_public_key          0x20003ff0     0x4  Data  Lc  security_manager.o [1]
m_pages                 0x2000bd28    0x20  Data  Lc  fds.o [1]
m_pairing_flag_id       0x2000bdf8     0x1  Data  Lc  peer_manager.o [1]
m_peer_addr_reply_expected
                        0x2000bde5     0x1  Data  Lc  ble_advertising.o [1]
m_peer_address          0x2000bdd8     0x8  Data  Lc  ble_advertising.o [1]
m_peer_delete_ongoing   0x2000b362     0x1  Data  Lc  peer_data_storage.o [1]
m_peer_delete_queued    0x2000b361     0x1  Data  Lc  peer_data_storage.o [1]
m_peer_pk               0x2000bc40    0x40  Data  Lc  security_dispatcher.o [1]
m_peer_rank_initialized
                        0x2000bdf5     0x1  Data  Lc  peer_manager.o [1]
m_peer_rank_token       0x2000bdfc     0x4  Data  Lc  peer_manager.o [1]
m_pi                    0x2000bc00    0x40  Data  Lc  peer_id.o [1]
m_preferred_conn_params
                        0x2000beb4     0x8  Data  Lc  ble_conn_params.o [1]
m_queue                 0x2000ba18    0x68  Data  Lc  fstorage.o [1]
m_registered_callback   0x2000b93c     0x4  Data  Lc  bsp.o [1]
m_retry_count           0x2000bef9     0x1  Data  Lc  fstorage.o [1]
m_rx_done               0x20003ff6     0x1  Data  Lc  nrf_log_backend_serial.o [1]
m_sec_params            0x20003fe0     0x8  Data  Lc  security_manager.o [1]
m_sec_params_valid      0x20003fe8     0x1  Data  Lc  security_manager.o [1]
m_service_data          0x2000bacc     0xc  Data  Lc  ble_advertising.o [1]
m_service_data_array    0x2000baa0    0x20  Data  Lc  ble_advertising.o [1]
m_slave_conn_int        0x2000bad8     0x4  Data  Lc  ble_advertising.o [1]
m_softdevice_enabled    0x2000be68     0x1  Data  Lc  softdevice_handler.o [1]
m_stable_state          0x2000b930     0x1  Data  Lc  bsp.o [1]
m_suspended             0x2000be69     0x1  Data  Lc  softdevice_handler.o [1]
m_swap_page             0x2000be20     0x8  Data  Lc  fds.o [1]
m_sys_evt_handler       0x2000be70     0x4  Data  Lc  softdevice_handler.o [1]
m_tick_overflow_count   0x2000beec     0x4  Data  Lc  port_cmsis_systick.o [1]
m_uart                  0x200040f8     0x8  Data  Lc  nrf_log_backend_serial.o [1]
m_uart_buffer           0x20003ff8   0x100  Data  Lc  nrf_log_backend_serial.o [1]
m_unknown_str           0x000272dc    0x14  Data  Lc  nrf_strerror.o [1]
m_update_count          0x2000bbdc     0x1  Data  Lc  ble_conn_params.o [1]
m_users                 0x2000bd58     0x1  Data  Lc  fds.o [1]
m_whitelist_in_use      0x2000bde8     0x1  Data  Lc  ble_advertising.o [1]
m_whitelist_reply_expected
                        0x2000bde7     0x1  Data  Lc  ble_advertising.o [1]
m_whitelist_temporarily_disabled
                        0x2000bde6     0x1  Data  Lc  ble_advertising.o [1]
m_write_buffer          0x2000b0d0    0x10  Data  Lc  peer_database.o [1]
m_write_buffer_records  0x2000b030    0xa0  Data  Lc  peer_database.o [1]
main                    0x000230cd    0xd8  Code  Gb  main.o [1]
malloc                  0x00020479    0xac  Code  Gb  xxmemxmalloc.o [3]
manufData               0x20003fc0     0xc  Data  Lc  BLE_Advertisement.o [1]
manuf_arr               0x20003fd4     0x4  Data  Gb  BLE_Advertisement.o [1]
manuf_specific_data_encode
                        0x000289fb    0x66  Code  Lc  ble_advdata.o [1]
memchr                  0x00020415          Code  Gb  memchr.o [5]
mp_ble_evt_buffer       0x2000be74     0x4  Data  Lc  softdevice_handler.o [1]
name_encode             0x00028809    0xa0  Code  Lc  ble_advdata.o [1]
new_connection          0x0002505b    0x56  Code  Gb  id_manager.o [1]
next_id_get             0x00028741    0x2e  Code  Gb  peer_id.o [1]
nrf_bitmask_bit_is_set  0x00029d3d    0x10  Code  Lc  nrf_drv_gpiote.o [1]
nrf_ble_gatt_att_mtu_periph_set
                        0x000278d5    0x18  Code  Gb  nrf_ble_gatt.o [1]
nrf_ble_gatt_init       0x000278b7    0x1e  Code  Gb  nrf_ble_gatt.o [1]
nrf_ble_gatt_on_ble_evt
                        0x000278ed   0x148  Code  Gb  nrf_ble_gatt.o [1]
nrf_clock_event_check   0x00024a61     0xe  Code  Lc  nrf_drv_clock.o [1]
nrf_clock_event_clear   0x00024a4d    0x14  Code  Lc  nrf_drv_clock.o [1]
nrf_drv_clock_init      0x00024a6f    0x3a  Code  Gb  nrf_drv_clock.o [1]
nrf_drv_clock_lfclk_request
                        0x00024abf    0x48  Code  Gb  nrf_drv_clock.o [1]
nrf_drv_clock_on_sd_enable
                        0x00024b95    0x22  Code  Gb  nrf_drv_clock.o [1]
nrf_drv_clock_on_soc_event
                        0x00024b8b     0xa  Code  Gb  nrf_drv_clock.o [1]
nrf_drv_common_irq_disable
                        0x00028f05    0x10  Code  Lc  nrf_drv_uart.o [1]
nrf_drv_common_irq_enable
                        0x00028071    0x34  Code  Gb  nrf_drv_common.o [1]
nrf_drv_saadc_buffer_convert
                        0x00027f45    0xc0  Code  Gb  nrf_drv_saadc.o [1]
nrf_drv_saadc_channel_init
                        0x00027ed3    0x70  Code  Gb  nrf_drv_saadc.o [1]
nrf_drv_saadc_init      0x00027e43    0x90  Code  Gb  nrf_drv_saadc.o [1]
nrf_drv_saadc_sample    0x00028005    0x22  Code  Gb  nrf_drv_saadc.o [1]
nrf_drv_uart_init       0x00029153    0x58  Code  Gb  nrf_drv_uart.o [1]
nrf_drv_uart_tx         0x0002924d    0xa4  Code  Gb  nrf_drv_uart.o [1]
nrf_drv_uart_tx_for_uarte
                        0x000291f3    0x52  Code  Lc  nrf_drv_uart.o [1]
nrf_drv_uart_tx_in_progress
                        0x00029311    0x12  Code  Gb  nrf_drv_uart.o [1]
nrf_drv_uart_uninit     0x000291ab    0x28  Code  Gb  nrf_drv_uart.o [1]
nrf_gpio_cfg            0x00024969    0x1c  Code  Lc  boards.o [1]
nrf_gpio_cfg            0x00028f15    0x18  Code  Lc  nrf_drv_uart.o [1]
nrf_gpio_cfg_default    0x00028f53     0xa  Code  Lc  nrf_drv_uart.o [1]
nrf_gpio_cfg_input      0x00028f3f     0xe  Code  Lc  nrf_drv_uart.o [1]
nrf_gpio_cfg_output     0x00028f33     0xc  Code  Lc  nrf_drv_uart.o [1]
nrf_gpio_cfg_sense_set  0x000273e1    0x22  Code  Lc  bsp.o [1]
nrf_gpio_cfg_sense_set  0x00029cf7    0x22  Code  Lc  nrf_drv_gpiote.o [1]
nrf_gpio_pin_write      0x00024985    0x12  Code  Lc  boards.o [1]
nrf_gpio_ports_read     0x00029d19    0x24  Code  Lc  nrf_drv_gpiote.o [1]
nrf_gpiote_event_clear  0x00029cdf    0x18  Code  Lc  nrf_drv_gpiote.o [1]
nrf_gpiote_event_is_set
                        0x00029ccd    0x12  Code  Lc  nrf_drv_gpiote.o [1]
nrf_log_backend_hexdump_handler_get
                        0x00028419     0x4  Code  Gb  nrf_log_backend_serial.o [1]
nrf_log_backend_init    0x00028129    0x6a  Code  Gb  nrf_log_backend_serial.o [1]
nrf_log_backend_serial_hexdump_handler
                        0x000282d9   0x13c  Code  Lc  nrf_log_backend_serial.o [1]
nrf_log_backend_serial_std_handler
                        0x00028225    0xb4  Code  Lc  nrf_log_backend_serial.o [1]
nrf_log_backend_std_handler_get
                        0x00028415     0x4  Code  Gb  nrf_log_backend_serial.o [1]
nrf_log_blocking_backend_set
                        0x00024d5d     0x6  Code  Gb  nrf_log_frontend.o [1]
nrf_log_frontend_dequeue
                        0x00024eb5   0x124  Code  Gb  nrf_log_frontend.o [1]
nrf_log_frontend_init   0x00024d63     0xe  Code  Gb  nrf_log_frontend.o [1]
nrf_log_frontend_std_0  0x00024dd9    0x2c  Code  Gb  nrf_log_frontend.o [1]
nrf_log_frontend_std_1  0x00024e05    0x38  Code  Gb  nrf_log_frontend.o [1]
nrf_log_frontend_std_2  0x00024e47    0x40  Code  Gb  nrf_log_frontend.o [1]
nrf_log_handlers_set    0x00024d71     0xa  Code  Gb  nrf_log_frontend.o [1]
nrf_log_init            0x00024d39    0x24  Code  Gb  nrf_log_frontend.o [1]
nrf_nvic_state          0x2000be98     0xc  Data  Gb  app_util_platform.o [1]
nrf_rtc_event_clear     0x000231fd    0x10  Code  Lc  port_cmsis_systick.o [1]
nrf_saadc_channel_init  0x00028cd1    0x58  Code  Gb  nrf_saadc.o [1]
nrf_strerror_array      0x000272f0    0xf0  Data  Lc  nrf_strerror.o [1]
nrf_strerror_find       0x000272a3    0x38  Code  Gb  nrf_strerror.o [1]
nrf_strerror_get        0x00027295     0xe  Code  Gb  nrf_strerror.o [1]
nrf_uart_event_check    0x00028eb3     0x2  Code  Lc  nrf_drv_uart.o [1]
nrf_uart_event_clear    0x00028eb1     0x2  Code  Lc  nrf_drv_uart.o [1]
nrf_uart_hwfc_pins_set  0x00028ecd     0x2  Code  Lc  nrf_drv_uart.o [1]
nrf_uart_int_enable_check
                        0x00028eb5     0xe  Code  Lc  nrf_drv_uart.o [1]
nrf_uart_txrx_pins_set  0x00028ec3     0xa  Code  Lc  nrf_drv_uart.o [1]
nrf_uarte_event_check   0x00028ee1     0x2  Code  Lc  nrf_drv_uart.o [1]
nrf_uarte_event_clear   0x00028ecf     0x2  Code  Lc  nrf_drv_uart.o [1]
nrf_uarte_hwfc_pins_set
                        0x00028ef7     0x2  Code  Lc  nrf_drv_uart.o [1]
nrf_uarte_txrx_pins_set
                        0x00028eed     0xa  Code  Lc  nrf_drv_uart.o [1]
on_adv_evt              0x00024011    0x1c  Code  Lc  BLE_Advertisement.o [1]
on_ble_evt              0x0002426f    0x90  Code  Lc  BLE_Init.o [1]
on_conn_params_evt      0x00024361    0x16  Code  Lc  BLE_Init.o [1]
on_connected_evt        0x0002782d    0x80  Code  Lc  nrf_ble_gatt.o [1]
op_enqueue              0x000213c9    0x7a  Code  Lc  fds.o [1]
page_offsets_update     0x000211af    0x12  Code  Lc  fds.o [1]
page_scan               0x00021151    0x5e  Code  Lc  fds.o [1]
page_tag_write_data     0x000211dd     0xe  Code  Lc  fds.o [1]
page_tag_write_data::page_tag_data
                        0x000211f4     0x8  Data  Lc  fds.o [1]
page_tag_write_swap     0x000211c1    0x14  Code  Lc  fds.o [1]
page_tag_write_swap::page_tag_swap
                        0x000211d4     0x8  Data  Lc  fds.o [1]
pages_init              0x00021443    0xd0  Code  Lc  fds.o [1]
params_reply_pending_process
                        0x00025d27    0x2e  Code  Lc  security_manager.o [1]
pdb_evt_send            0x000254af    0x1a  Code  Lc  peer_database.o [1]
pdb_init                0x000255df    0x3e  Code  Gb  peer_database.o [1]
pdb_init{1}{2}::buffer_memory
                        0x2000b0e0   0x280  Data  Lc  peer_database.o [1]
pdb_init{1}{2}::mutex_memory
                        0x2000b360     0x1  Data  Lc  peer_database.o [1]
pdb_next_deleted_peer_id_get
                        0x000258f5     0x4  Code  Gb  peer_database.o [1]
pdb_next_peer_id_get    0x000258f1     0x4  Code  Gb  peer_database.o [1]
pdb_pds_evt_handler     0x000254c9   0x116  Code  Gb  peer_database.o [1]
pdb_peer_allocate       0x0002561d     0x4  Code  Gb  peer_database.o [1]
pdb_peer_data_ptr_get   0x00025663     0x6  Code  Gb  peer_database.o [1]
pdb_peer_free           0x00025621    0x42  Code  Gb  peer_database.o [1]
pdb_raw_store           0x000258f9     0x8  Code  Gb  peer_database.o [1]
pdb_write_buf_get       0x000256a7    0xfa  Code  Gb  peer_database.o [1]
pdb_write_buf_release   0x000257a1    0x28  Code  Gb  peer_database.o [1]
pdb_write_buf_store     0x0002582f    0xb6  Code  Gb  peer_database.o [1]
pdb_write_buf_store_prepare
                        0x000257c9    0x66  Code  Gb  peer_database.o [1]
pds_evt_send            0x00026251     0x4  Code  Lc  peer_data_storage.o [1]
pds_init                0x00026443    0x58  Code  Gb  peer_data_storage.o [1]
pds_next_deleted_peer_id_get
                        0x00026667     0x4  Code  Gb  peer_data_storage.o [1]
pds_next_peer_id_get    0x00026663     0x4  Code  Gb  peer_data_storage.o [1]
pds_peer_data_iterate   0x0002650b    0x4a  Code  Gb  peer_data_storage.o [1]
pds_peer_data_iterate_prepare
                        0x00026501     0xa  Code  Gb  peer_data_storage.o [1]
pds_peer_data_read      0x0002649b    0x66  Code  Gb  peer_data_storage.o [1]
pds_peer_data_store     0x0002659d    0xa4  Code  Gb  peer_data_storage.o [1]
pds_peer_id_allocate    0x00026641     0x8  Code  Gb  peer_data_storage.o [1]
pds_peer_id_free        0x00026649    0x16  Code  Gb  peer_data_storage.o [1]
pds_peer_id_is_allocated
                        0x0002665f     0x4  Code  Gb  peer_data_storage.o [1]
pds_space_reserve       0x00026561    0x2e  Code  Gb  peer_data_storage.o [1]
pds_space_reserve_cancel
                        0x0002658f     0xe  Code  Gb  peer_data_storage.o [1]
peer_data_const_point_to_buffer
                        0x0002567b     0x4  Code  Lc  peer_database.o [1]
peer_data_delete        0x000262a1    0x78  Code  Lc  peer_data_storage.o [1]
peer_data_find          0x00026319    0x2e  Code  Lc  peer_data_storage.o [1]
peer_data_id_is_valid   0x00026281    0x20  Code  Lc  peer_data_storage.o [1]
peer_data_point_to_buffer
                        0x00025669    0x12  Code  Lc  peer_database.o [1]
peer_id_allocate        0x000286e5     0x4  Code  Gb  peer_id.o [1]
peer_id_delete          0x000286e9    0x20  Code  Gb  peer_id.o [1]
peer_id_free            0x00028709    0x18  Code  Gb  peer_id.o [1]
peer_id_get_next_deleted
                        0x00028797     0x4  Code  Gb  peer_id.o [1]
peer_id_get_next_used   0x0002876f    0x28  Code  Gb  peer_id.o [1]
peer_id_init            0x00028679    0x26  Code  Gb  peer_id.o [1]
peer_id_is_allocated    0x00028721    0x10  Code  Gb  peer_id.o [1]
peer_id_is_deleted      0x00028731    0x10  Code  Gb  peer_id.o [1]
peer_id_set             0x00025347    0x16  Code  Lc  id_manager.o [1]
pins_to_default         0x000290b1    0x92  Code  Lc  nrf_drv_uart.o [1]
pm_buffer_block_acquire
                        0x000284fd    0x5e  Code  Gb  pm_buffer.o [1]
pm_buffer_init          0x000284bb    0x42  Code  Gb  pm_buffer.o [1]
pm_buffer_ptr_get       0x0002855b    0x2c  Code  Gb  pm_buffer.o [1]
pm_buffer_release       0x00028587    0x2c  Code  Gb  pm_buffer.o [1]
pm_conn_sec_config_reply
                        0x00023eb7     0x4  Code  Gb  peer_manager.o [1]
pm_evt_handler          0x00022f51    0x62  Code  Lc  main.o [1]
pm_gcm_evt_handler      0x00023d31    0x6e  Code  Gb  peer_manager.o [1]
pm_im_evt_handler       0x00023dad    0x48  Code  Gb  peer_manager.o [1]
pm_init                 0x00023e1d    0x64  Code  Gb  peer_manager.o [1]
pm_local_database_has_changed
                        0x00023ebb    0x10  Code  Gb  peer_manager.o [1]
pm_mutex_init           0x00029687     0xc  Code  Gb  pm_mutex.o [1]
pm_mutex_lock           0x00029693    0x16  Code  Gb  pm_mutex.o [1]
pm_mutex_lock_first_available
                        0x000296e5    0x32  Code  Gb  pm_mutex.o [1]
pm_mutex_lock_status_get
                        0x00029717    0x16  Code  Gb  pm_mutex.o [1]
pm_mutex_unlock         0x000296a9    0x3c  Code  Gb  pm_mutex.o [1]
pm_on_ble_evt           0x00023df9    0x24  Code  Gb  peer_manager.o [1]
pm_pdb_evt_handler      0x00023a9d   0x108  Code  Gb  peer_manager.o [1]
pm_peer_delete          0x00023ecb    0x10  Code  Gb  peer_manager.o [1]
pm_peers_delete         0x00023edb    0x5e  Code  Gb  peer_manager.o [1]
pm_register             0x00023e81    0x24  Code  Gb  peer_manager.o [1]
pm_sec_params_set       0x00023ea5    0x12  Code  Gb  peer_manager.o [1]
pm_sm_evt_handler       0x00023bf5   0x114  Code  Gb  peer_manager.o [1]
prvAddCurrentTaskToDelayedList
                        0x000229b1    0x6a  Code  Lc  tasks.o [1]
prvAddNewTaskToReadyList
                        0x00022319    0xa6  Code  Lc  tasks.o [1]
prvCheckForValidListAndQueue
                        0x00022ecf    0x46  Code  Lc  timers.o [1]
prvCopyDataFromQueue    0x00023963    0x26  Code  Lc  queue.o [1]
prvCopyDataToQueue      0x000238fb    0x68  Code  Lc  queue.o [1]
prvDeleteTCB            0x000227e9    0x14  Code  Lc  tasks.o [1]
prvGetExpectedIdleTime  0x00022451    0x2c  Code  Lc  tasks.o [1]
prvIdleTask             0x00022749    0x60  Code  Lc  tasks.o [1]
prvInitialiseNewQueue   0x00023541    0x16  Code  Lc  queue.o [1]
prvInitialiseNewTask    0x00022291    0x88  Code  Lc  tasks.o [1]
prvInitialiseNewTimer   0x00022c1b    0x38  Code  Lc  timers.o [1]
prvInsertTimerInActiveList
                        0x00022dd5    0x34  Code  Lc  timers.o [1]
prvIsQueueEmpty         0x000239f7    0x14  Code  Lc  queue.o [1]
prvProcessReceivedCommands
                        0x00022e09    0xc6  Code  Lc  timers.o [1]
prvProcessTimerOrBlockTask
                        0x00022cbf    0xa0  Code  Lc  timers.o [1]
prvResetNextTaskUnblockTime
                        0x000227fd    0x1e  Code  Lc  tasks.o [1]
prvSampleTimeNow        0x00022d5f    0x76  Code  Lc  timers.o [1]
prvSampleTimeNow::xLastTime
                        0x2000bccc     0x4  Data  Lc  timers.o [1]
prvTaskExitError        0x00022b45     0x8  Code  Lc  port_cmsis.o [1]
prvTimerTask            0x00022c9d    0x22  Code  Lc  timers.o [1]
prvUnlockQueue          0x00023989    0x68  Code  Lc  queue.o [1]
pvPortMalloc            0x00022a41    0x48  Code  Gb  heap_1.o [1]
pvPortMalloc::pucAlignedHeap
                        0x20004c14     0x4  Data  Lc  heap_1.o [1]
pvTaskIncrementMutexHeldCount
                        0x00022995    0x12  Code  Gb  tasks.o [1]
pvTimerGetTimerID       0x00022f27     0xa  Code  Gb  timers.o [1]
pxCurrentTCB            0x2000b88c     0x4  Data  Gb  tasks.o [1]
pxCurrentTimerList      0x2000bcbc     0x4  Data  Lc  timers.o [1]
pxDelayedTaskList       0x2000b8e0     0x4  Data  Lc  tasks.o [1]
pxOverflowDelayedTaskList
                        0x2000bb90     0x4  Data  Lc  tasks.o [1]
pxOverflowTimerList     0x2000bcc0     0x4  Data  Lc  timers.o [1]
pxPortInitialiseStack   0x00022b21    0x24  Code  Gb  port_cmsis.o [1]
pxReadyTasksLists       0x2000b890    0x50  Data  Lc  tasks.o [1]
queue_advance           0x00021e57    0x24  Code  Lc  fstorage.o [1]
queue_get_next_free     0x00021ef5    0x32  Code  Lc  fstorage.o [1]
queue_process           0x0002189d   0x182  Code  Lc  fds.o [1]
queue_process           0x00021e7b    0x66  Code  Lc  fstorage.o [1]
queue_start             0x00021a39    0x1a  Code  Lc  fds.o [1]
queue_start             0x00021ee1    0x14  Code  Lc  fstorage.o [1]
ram_start_add           0x2000b6e0     0x4  Data  Gb  BLE_Init.o [1]
raw_adc_air_qual        0x2000be90     0x2  Data  Lc  ADC.o [1]
raw_adc_value_humidity  0x2000be8e     0x2  Data  Lc  ADC.o [1]
raw_adc_value_temp      0x2000be8c     0x2  Data  Lc  ADC.o [1]
record_find             0x0002133b    0x76  Code  Lc  fds.o [1]
record_find_by_desc     0x000212a5    0x96  Code  Lc  fds.o [1]
record_find_next        0x00021255    0x50  Code  Lc  fds.o [1]
record_header_flag_dirty
                        0x00021513    0x30  Code  Lc  fds.o [1]
record_key_within_pm_range
                        0x0002626b    0x16  Code  Lc  peer_data_storage.o [1]
release                 0x000286d5    0x10  Code  Lc  peer_id.o [1]
rx_byte                 0x00029323    0x32  Code  Lc  nrf_drv_uart.o [1]
rx_done_event           0x0002935d    0x1a  Code  Lc  nrf_drv_uart.o [1]
saadc_callback          0x000248e1    0x2e  Code  Lc  ADC.o [1]
saadc_init              0x0002486d    0x6e  Code  Gb  ADC.o [1]
saadc_sampling_event_enable
                        0x000248db     0x4  Code  Gb  ADC.o [1]
sd_nvic_EnableIRQ       0x0002465d    0x66  Code  Lc  softdevice_handler.o [1]
sdk_mapped_flags_bulk_update_by_key
                        0x000285dd    0x44  Code  Gb  sdk_mapped_flags.o [1]
sdk_mapped_flags_first_key_index_get
                        0x000285b3    0x1c  Code  Gb  sdk_mapped_flags.o [1]
sdk_mapped_flags_get_by_key
                        0x00028621    0x20  Code  Gb  sdk_mapped_flags.o [1]
sdk_mapped_flags_key_list_get
                        0x00028641    0x38  Code  Gb  sdk_mapped_flags.o [1]
sdk_mapped_flags_update_by_key
                        0x000285cf     0xe  Code  Gb  sdk_mapped_flags.o [1]
sec_info_request_process
                        0x00026717    0xb0  Code  Lc  security_dispatcher.o [1]
sec_params_verify       0x00025dfb    0x74  Code  Lc  security_manager.o [1]
sec_proc_start          0x000266cb    0x4c  Code  Lc  security_dispatcher.o [1]
sec_start_send          0x0002667f    0x1c  Code  Lc  security_dispatcher.o [1]
send_event              0x00021ded    0x50  Code  Lc  fstorage.o [1]
serial_is_busy          0x00028193     0x6  Code  Lc  nrf_log_backend_serial.o [1]
serial_tx               0x00028199    0x4c  Code  Lc  nrf_log_backend_serial.o [1]
service_changed_pending_flags_check
                        0x00026061    0xca  Code  Lc  gatt_cache_manager.o [1]
service_changed_pending_set
                        0x00026d61    0x34  Code  Lc  gatts_cache_manager.o [1]
service_changed_pending_set::service_changed_pending
                        0x0002a02c     0x4  Data  Lc  gatts_cache_manager.o [1]
service_data_encode     0x00028a61    0x82  Code  Lc  ble_advdata.o [1]
services_init           0x0002438d    0x42  Code  Gb  BLE_Services.o [1]
sleep_mode_enter        0x00027601    0x20  Code  Gb  Globals.o [1]
sm_ble_evt_handler      0x00025deb    0x10  Code  Gb  security_manager.o [1]
sm_conn_sec_config_reply
                        0x00025e99     0xe  Code  Gb  security_manager.o [1]
sm_init                 0x00025da1    0x4a  Code  Gb  security_manager.o [1]
sm_pdb_evt_handler      0x00025d65    0x2a  Code  Gb  security_manager.o [1]
sm_sec_params_set       0x00025e6f    0x2a  Code  Gb  security_manager.o [1]
sm_smd_evt_handler      0x00025c75    0x66  Code  Gb  security_manager.o [1]
smart_home              0x2000bdbc    0x1c  Data  Gb  BLE_Init.o [1]
smd_ble_evt_handler     0x00026c43    0xd8  Code  Gb  security_dispatcher.o [1]
smd_init                0x0002694f    0x30  Code  Gb  security_dispatcher.o [1]
smd_link_secure         0x00026c15    0x2e  Code  Gb  security_dispatcher.o [1]
smd_params_reply        0x0002697f   0x104  Code  Gb  security_dispatcher.o [1]
smd_params_reply_perform
                        0x00025bf3    0x7a  Code  Lc  security_manager.o [1]
smd_pdb_evt_handler     0x0002669b    0x30  Code  Gb  security_dispatcher.o [1]
snprintf                0x000295e9    0x44  Code  Gb  snprintf.o [3]
softdevice_app_ram_start_get
                        0x000247c9    0x10  Code  Gb  softdevice_handler.o [1]
softdevice_ble_evt_handler_set
                        0x00024789    0x10  Code  Gb  softdevice_handler.o [1]
softdevice_enable       0x00024801    0x2a  Code  Gb  softdevice_handler.o [1]
softdevice_fault_handler
                        0x000246c3     0x4  Code  Gb  softdevice_handler.o [1]
softdevice_handler_init
                        0x0002473b    0x4e  Code  Gb  softdevice_handler.o [1]
softdevice_handler_is_enabled
                        0x00024735     0x6  Code  Gb  softdevice_handler.o [1]
softdevice_sys_evt_handler_set
                        0x00024799    0x10  Code  Gb  softdevice_handler.o [1]
strchr                  0x000203c5          Code  Gb  strchr.o [5]
strlen                  0x000203dd          Code  Gb  strlen.o [5]
sys_evt_dispatch        0x000241bd    0x12  Code  Lc  BLE_Init.o [1]
temperature_characteristic_add
                        0x000243f1    0x3c  Code  Lc  BLE_Services.o [1]
temperature_characteristic_update
                        0x00024553    0x16  Code  Lc  BLE_Services.o [1]
timestamp_process       0x000281f7    0x2e  Code  Lc  nrf_log_backend_serial.o [1]
tx_byte                 0x000291d3    0x20  Code  Lc  nrf_drv_uart.o [1]
tx_done_event           0x00029377    0x1e  Code  Lc  nrf_drv_uart.o [1]
uart_event_handler      0x0002811d     0xc  Code  Lc  nrf_log_backend_serial.o [1]
uart_irq_handler        0x000293b9   0x116  Code  Lc  nrf_drv_uart.o [1]
uarte_irq_handler       0x000294d5    0xda  Code  Lc  nrf_drv_uart.o [1]
ucHeap                  0x20004c18  0x6000  Data  Lc  heap_1.o [1]
uint16_decode           0x00028cb9     0xa  Code  Lc  ble_srv_common.o [1]
uint16_encode           0x000287a5     0xa  Code  Lc  ble_advdata.o [1]
ulPortRaiseBASEPRI      0x0002349d     0xc  Code  Lc  queue.o [1]
update_timeout_handler  0x0002768d    0x52  Code  Lc  ble_conn_params.o [1]
uuid_list_encode        0x0002894f    0x2e  Code  Lc  ble_advdata.o [1]
uuid_list_sized_encode  0x000288a9    0xa6  Code  Lc  ble_advdata.o [1]
uxCriticalNesting       0x2000bee8     0x4  Data  Lc  port_cmsis.o [1]
uxCurrentNumberOfTasks  0x2000b8e8     0x4  Data  Lc  tasks.o [1]
uxDeletedTasksWaitingCleanUp
                        0x2000b8e4     0x4  Data  Lc  tasks.o [1]
uxListRemove            0x00022afb    0x26  Code  Gb  list.o [1]
uxPendedTicks           0x2000bbac     0x4  Data  Lc  tasks.o [1]
uxSchedulerSuspended    0x2000b8f8     0x4  Data  Lc  tasks.o [1]
uxTaskNumber            0x2000bbb4     0x4  Data  Lc  tasks.o [1]
uxTopReadyPriority      0x2000b8ec     0x4  Data  Lc  tasks.o [1]
vApplicationIdleHook    0x000230cb     0x2  Code  Gb  main.o [1]
vApplicationStackOverflowHook
                        0x000231d1    0x1e  Code  Gb  main.o [1]
vListInitialise         0x00022a91    0x1a  Code  Gb  list.o [1]
vListInitialiseItem     0x00022aab     0x6  Code  Gb  list.o [1]
vListInsert             0x00022ac9    0x32  Code  Gb  list.o [1]
vListInsertEnd          0x00022ab1    0x18  Code  Gb  list.o [1]
vPortEnterCritical      0x00022b85    0x10  Code  Gb  port_cmsis.o [1]
vPortExitCritical       0x00022b95    0x12  Code  Gb  port_cmsis.o [1]
vPortFree               0x00022a89     0x2  Code  Gb  heap_1.o [1]
vPortSetupTimerInterrupt
                        0x0002327f    0x30  Code  Gb  port_cmsis_systick.o [1]
vPortStartFirstTask     0x000233f1    0x26  Code  Gb  port.o [1]
vPortSuppressTicksAndSleep
                        0x000232af    0xfe  Code  Gb  port_cmsis_systick.o [1]
vQueueAddToRegistry     0x00023a0b    0x20  Code  Gb  queue.o [1]
vQueueWaitForMessageRestricted
                        0x00023a35    0x48  Code  Gb  queue.o [1]
vTaskDelay              0x000223bf    0x1e  Code  Gb  tasks.o [1]
vTaskInternalSetTimeOutState
                        0x000226e9     0xe  Code  Gb  tasks.o [1]
vTaskMissedYield        0x0002273f     0xa  Code  Gb  tasks.o [1]
vTaskPlaceOnEventList   0x00022647    0x12  Code  Gb  tasks.o [1]
vTaskPlaceOnEventListRestricted
                        0x00022663    0x22  Code  Gb  tasks.o [1]
vTaskPriorityDisinheritAfterTimeout
                        0x00022919    0x62  Code  Gb  tasks.o [1]
vTaskStartScheduler     0x000223f3    0x4e  Code  Gb  tasks.o [1]
vTaskStepTick           0x00022523     0xc  Code  Gb  tasks.o [1]
vTaskSuspendAll         0x00022441    0x10  Code  Gb  tasks.o [1]
vTaskSwitchContext      0x000225d5    0x72  Code  Gb  tasks.o [1]
write_buf_length_words_set
                        0x0002567f    0x28  Code  Lc  peer_database.o [1]
write_buffer_record_find
                        0x00025465    0x24  Code  Lc  peer_database.o [1]
write_buffer_record_find_next
                        0x00025443    0x22  Code  Lc  peer_database.o [1]
write_buffer_record_invalidate
                        0x00025425    0x1e  Code  Lc  peer_database.o [1]
write_buffer_record_release
                        0x00025489    0x26  Code  Lc  peer_database.o [1]
write_enqueue           0x00021a57   0x102  Code  Lc  fds.o [1]
write_execute           0x000216d9   0x124  Code  Lc  fds.o [1]
write_execute::desc     0x2000bd4c     0xc  Data  Lc  fds.o [1]
write_execute::page     0x2000bd48     0x2  Data  Lc  fds.o [1]
write_space_free        0x00021243    0x12  Code  Lc  fds.o [1]
write_space_reserve     0x000211fd    0x46  Code  Lc  fds.o [1]
xActiveTimerList1       0x2000bcd0    0x14  Data  Lc  timers.o [1]
xActiveTimerList2       0x2000bce4    0x14  Data  Lc  timers.o [1]
xDelayedTaskList1       0x2000b8fc    0x14  Data  Lc  tasks.o [1]
xDelayedTaskList2       0x2000b910    0x14  Data  Lc  tasks.o [1]
xIdleTaskHandle         0x2000bbbc     0x4  Data  Lc  tasks.o [1]
xNextFreeByte           0x20004c10     0x4  Data  Lc  heap_1.o [1]
xNextTaskUnblockTime    0x2000bbb8     0x4  Data  Lc  tasks.o [1]
xNumOfOverflows         0x2000bbb0     0x4  Data  Lc  tasks.o [1]
xPendingReadyList       0x2000b878    0x14  Data  Lc  tasks.o [1]
xPortStartScheduler     0x00022b4d    0x38  Code  Gb  port_cmsis.o [1]
xQueueGenericCreate     0x00023513    0x2e  Code  Gb  queue.o [1]
xQueueGenericReset      0x000234a9    0x6a  Code  Gb  queue.o [1]
xQueueGenericSend       0x00023557    0xe8  Code  Gb  queue.o [1]
xQueueGenericSendFromISR
                        0x0002363f    0x62  Code  Gb  queue.o [1]
xQueueGiveFromISR       0x000236a1    0x4e  Code  Gb  queue.o [1]
xQueueReceive           0x000236ef    0xd8  Code  Gb  queue.o [1]
xQueueRegistry          0x2000be7c    0x10  Data  Gb  queue.o [1]
xQueueSemaphoreTake     0x000237cf   0x112  Code  Gb  queue.o [1]
xSchedulerRunning       0x2000b8f0     0x4  Data  Lc  tasks.o [1]
xSuspendedTaskList      0x2000bb94    0x14  Data  Lc  tasks.o [1]
xTaskCheckForTimeOut    0x000226f7    0x40  Code  Gb  tasks.o [1]
xTaskCreate             0x00022239    0x58  Code  Gb  tasks.o [1]
xTaskGetSchedulerState  0x0002281b    0x1a  Code  Gb  tasks.o [1]
xTaskGetTickCount       0x00022517     0x2  Code  Gb  tasks.o [1]
xTaskGetTickCountFromISR
                        0x00022519     0x2  Code  Gb  tasks.o [1]
xTaskIncrementTick      0x0002252f    0x9c  Code  Gb  tasks.o [1]
xTaskPriorityDisinherit
                        0x000228a5    0x5e  Code  Gb  tasks.o [1]
xTaskPriorityInherit    0x00022835    0x70  Code  Gb  tasks.o [1]
xTaskRemoveFromEventList
                        0x00022685    0x40  Code  Gb  tasks.o [1]
xTaskResumeAll          0x0002247d    0x9a  Code  Gb  tasks.o [1]
xTasksWaitingTermination
                        0x2000bb7c    0x14  Data  Lc  tasks.o [1]
xTickCount              0x2000bba8     0x4  Data  Lc  tasks.o [1]
xTimerCreate            0x00022be7    0x34  Code  Gb  timers.o [1]
xTimerCreateTimerTask   0x00022bb9    0x2e  Code  Gb  timers.o [1]
xTimerGenericCommand    0x00022c53    0x48  Code  Gb  timers.o [1]
xTimerIsTimerActive     0x00022f15    0x12  Code  Gb  timers.o [1]
xTimerQueue             0x2000bcc4     0x4  Data  Lc  timers.o [1]
xTimerTaskHandle        0x2000bcc8     0x4  Data  Lc  timers.o [1]
xYieldPending           0x2000b8f4     0x4  Data  Lc  tasks.o [1]


[1] = C:\Ameya\Projects\BLE_nRF52_Project\Ameya_Personal_Project\nRF5_SDK_13.0.0_04a0bfd\examples\ble_peripheral\ble_app_hrs_freertos\pca10040\s132\iar\_build
[2] = command line
[3] = dl7M_tlf.a
[4] = m7M_tls.a
[5] = rt7M_tl.a

  44 280 bytes of readonly  code memory
     900 bytes of readonly  data memory
  32 570 bytes of readwrite data memory

Errors: none
Warnings: none
